Component: ARM Compiler 5.05 update 2 (build 169) Tool: armlink [4d0f33]

==============================================================================

Section Cross References

    startup_stm32f429_439xx.o(RESET) refers to startup_stm32f429_439xx.o(STACK) for __initial_sp
    startup_stm32f429_439xx.o(RESET) refers to startup_stm32f429_439xx.o(.text) for Reset_Handler
    startup_stm32f429_439xx.o(RESET) refers to stm32f4xx_it.o(i.NMI_Handler) for NMI_Handler
    startup_stm32f429_439xx.o(RESET) refers to stm32f4xx_it.o(i.HardFault_Handler) for HardFault_Handler
    startup_stm32f429_439xx.o(RESET) refers to stm32f4xx_it.o(i.MemManage_Handler) for MemManage_Handler
    startup_stm32f429_439xx.o(RESET) refers to stm32f4xx_it.o(i.BusFault_Handler) for BusFault_Handler
    startup_stm32f429_439xx.o(RESET) refers to stm32f4xx_it.o(i.UsageFault_Handler) for UsageFault_Handler
    startup_stm32f429_439xx.o(RESET) refers to port.o(.emb_text) for SVC_Handler
    startup_stm32f429_439xx.o(RESET) refers to stm32f4xx_it.o(i.DebugMon_Handler) for DebugMon_Handler
    startup_stm32f429_439xx.o(RESET) refers to stm32f4xx_it.o(i.SysTick_Handler) for SysTick_Handler
    startup_stm32f429_439xx.o(RESET) refers to stm32f4xx_it.o(i.USART2_IRQHandler) for USART2_IRQHandler
    startup_stm32f429_439xx.o(RESET) refers to stm32f4xx_it.o(i.EXTI15_10_IRQHandler) for EXTI15_10_IRQHandler
    startup_stm32f429_439xx.o(.text) refers to system_stm32f4xx.o(i.SystemInit) for SystemInit
    startup_stm32f429_439xx.o(.text) refers to entry.o(.ARM.Collect$$$$00000000) for __main
    system_stm32f4xx.o(i.SystemCoreClockUpdate) refers to system_stm32f4xx.o(.data) for .data
    system_stm32f4xx.o(i.SystemInit) refers to system_stm32f4xx.o(i.SetSysClock) for SetSysClock
    stm32f4xx_adc.o(i.ADC_DeInit) refers to stm32f4xx_rcc.o(i.RCC_APB2PeriphResetCmd) for RCC_APB2PeriphResetCmd
    stm32f4xx_can.o(i.CAN_DeInit) refers to stm32f4xx_rcc.o(i.RCC_APB1PeriphResetCmd) for RCC_APB1PeriphResetCmd
    stm32f4xx_can.o(i.CAN_GetITStatus) refers to stm32f4xx_can.o(i.CheckITStatus) for CheckITStatus
    stm32f4xx_cryp.o(i.CRYP_DeInit) refers to stm32f4xx_rcc.o(i.RCC_AHB2PeriphResetCmd) for RCC_AHB2PeriphResetCmd
    stm32f4xx_cryp_aes.o(i.CRYP_AES_CBC) refers to stm32f4xx_cryp.o(i.CRYP_KeyStructInit) for CRYP_KeyStructInit
    stm32f4xx_cryp_aes.o(i.CRYP_AES_CBC) refers to stm32f4xx_cryp.o(i.CRYP_KeyInit) for CRYP_KeyInit
    stm32f4xx_cryp_aes.o(i.CRYP_AES_CBC) refers to stm32f4xx_cryp.o(i.CRYP_Init) for CRYP_Init
    stm32f4xx_cryp_aes.o(i.CRYP_AES_CBC) refers to stm32f4xx_cryp.o(i.CRYP_IVInit) for CRYP_IVInit
    stm32f4xx_cryp_aes.o(i.CRYP_AES_CBC) refers to stm32f4xx_cryp.o(i.CRYP_FIFOFlush) for CRYP_FIFOFlush
    stm32f4xx_cryp_aes.o(i.CRYP_AES_CBC) refers to stm32f4xx_cryp.o(i.CRYP_Cmd) for CRYP_Cmd
    stm32f4xx_cryp_aes.o(i.CRYP_AES_CBC) refers to stm32f4xx_cryp.o(i.CRYP_GetCmdStatus) for CRYP_GetCmdStatus
    stm32f4xx_cryp_aes.o(i.CRYP_AES_CBC) refers to stm32f4xx_cryp.o(i.CRYP_GetFlagStatus) for CRYP_GetFlagStatus
    stm32f4xx_cryp_aes.o(i.CRYP_AES_CBC) refers to stm32f4xx_cryp.o(i.CRYP_DataIn) for CRYP_DataIn
    stm32f4xx_cryp_aes.o(i.CRYP_AES_CBC) refers to stm32f4xx_cryp.o(i.CRYP_DataOut) for CRYP_DataOut
    stm32f4xx_cryp_aes.o(i.CRYP_AES_CCM) refers to stm32f4xx_cryp.o(i.CRYP_KeyStructInit) for CRYP_KeyStructInit
    stm32f4xx_cryp_aes.o(i.CRYP_AES_CCM) refers to stm32f4xx_cryp.o(i.CRYP_FIFOFlush) for CRYP_FIFOFlush
    stm32f4xx_cryp_aes.o(i.CRYP_AES_CCM) refers to stm32f4xx_cryp.o(i.CRYP_KeyInit) for CRYP_KeyInit
    stm32f4xx_cryp_aes.o(i.CRYP_AES_CCM) refers to stm32f4xx_cryp.o(i.CRYP_IVInit) for CRYP_IVInit
    stm32f4xx_cryp_aes.o(i.CRYP_AES_CCM) refers to stm32f4xx_cryp.o(i.CRYP_Init) for CRYP_Init
    stm32f4xx_cryp_aes.o(i.CRYP_AES_CCM) refers to stm32f4xx_cryp.o(i.CRYP_PhaseConfig) for CRYP_PhaseConfig
    stm32f4xx_cryp_aes.o(i.CRYP_AES_CCM) refers to stm32f4xx_cryp.o(i.CRYP_DataIn) for CRYP_DataIn
    stm32f4xx_cryp_aes.o(i.CRYP_AES_CCM) refers to stm32f4xx_cryp.o(i.CRYP_Cmd) for CRYP_Cmd
    stm32f4xx_cryp_aes.o(i.CRYP_AES_CCM) refers to stm32f4xx_cryp.o(i.CRYP_GetCmdStatus) for CRYP_GetCmdStatus
    stm32f4xx_cryp_aes.o(i.CRYP_AES_CCM) refers to stm32f4xx_cryp.o(i.CRYP_GetFlagStatus) for CRYP_GetFlagStatus
    stm32f4xx_cryp_aes.o(i.CRYP_AES_CCM) refers to stm32f4xx_cryp.o(i.CRYP_DataOut) for CRYP_DataOut
    stm32f4xx_cryp_aes.o(i.CRYP_AES_CTR) refers to stm32f4xx_cryp.o(i.CRYP_KeyStructInit) for CRYP_KeyStructInit
    stm32f4xx_cryp_aes.o(i.CRYP_AES_CTR) refers to stm32f4xx_cryp.o(i.CRYP_KeyInit) for CRYP_KeyInit
    stm32f4xx_cryp_aes.o(i.CRYP_AES_CTR) refers to stm32f4xx_cryp.o(i.CRYP_Init) for CRYP_Init
    stm32f4xx_cryp_aes.o(i.CRYP_AES_CTR) refers to stm32f4xx_cryp.o(i.CRYP_IVInit) for CRYP_IVInit
    stm32f4xx_cryp_aes.o(i.CRYP_AES_CTR) refers to stm32f4xx_cryp.o(i.CRYP_FIFOFlush) for CRYP_FIFOFlush
    stm32f4xx_cryp_aes.o(i.CRYP_AES_CTR) refers to stm32f4xx_cryp.o(i.CRYP_Cmd) for CRYP_Cmd
[...]
    i.AppTaskCreate                          0x08000400   Section        0  main.o(i.AppTaskCreate)
    AppTaskCreate                            0x08000401   Thumb Code    90  main.o(i.AppTaskCreate)
    i.BSP_Init                               0x080004a8   Section        0  main.o(i.BSP_Init)
    BSP_Init                                 0x080004a9   Thumb Code   178  main.o(i.BSP_Init)
    i.BusFault_Handler                       0x080005bc   Section        0  stm32f4xx_it.o(i.BusFault_Handler)
    i.CalcCRC8                               0x080005be   Section        0  rs485_app.o(i.CalcCRC8)
    CalcCRC8                                 0x080005bf   Thumb Code    48  rs485_app.o(i.CalcCRC8)
    i.DHT11_CheckResponse                    0x080005f0   Section        0  bsp_dht11.o(i.DHT11_CheckResponse)
    DHT11_CheckResponse                      0x080005f1   Thumb Code   104  bsp_dht11.o(i.DHT11_CheckResponse)
    i.DHT11_DWT_Init                         0x0800065c   Section        0  bsp_dht11.o(i.DHT11_DWT_Init)
    DHT11_DWT_Init                           0x0800065d   Thumb Code    38  bsp_dht11.o(i.DHT11_DWT_Init)
    i.DHT11_Delay_ms                         0x0800068c   Section        0  bsp_dht11.o(i.DHT11_Delay_ms)
    DHT11_Delay_ms                           0x0800068d   Thumb Code    24  bsp_dht11.o(i.DHT11_Delay_ms)
    i.DHT11_Delay_us                         0x080006a4   Section        0  bsp_dht11.o(i.DHT11_Delay_us)
    DHT11_Delay_us                           0x080006a5   Thumb Code    26  bsp_dht11.o(i.DHT11_Delay_us)
    i.DHT11_GPIO_Config                      0x080006cc   Section        0  bsp_dht11.o(i.DHT11_GPIO_Config)
    i.DHT11_Read                             0x0800070c   Section        0  bsp_dht11.o(i.DHT11_Read)
    i.DHT11_ReadAverage                      0x080007a6   Section        0  bsp_dht11.o(i.DHT11_ReadAverage)
    i.DHT11_ReadBit                          0x08000818   Section        0  bsp_dht11.o(i.DHT11_ReadBit)
    DHT11_ReadBit                            0x08000819   Thumb Code    82  bsp_dht11.o(i.DHT11_ReadBit)
    i.DHT11_Record                           0x08000870   Section        0  main.o(i.DHT11_Record)
    DHT11_Record                             0x08000871   Thumb Code    64  main.o(i.DHT11_Record)
    i.DHT11_SetPinHigh                       0x080008b8   Section        0  bsp_dht11.o(i.DHT11_SetPinHigh)
    DHT11_SetPinHigh                         0x080008b9   Thumb Code     8  bsp_dht11.o(i.DHT11_SetPinHigh)
    i.DHT11_SetPinInput                      0x080008c4   Section        0  bsp_dht11.o(i.DHT11_SetPinInput)
    DHT11_SetPinInput                        0x080008c5   Thumb Code    28  bsp_dht11.o(i.DHT11_SetPinInput)
    i.DHT11_SetPinLow                        0x080008e4   Section        0  bsp_dht11.o(i.DHT11_SetPinLow)
    DHT11_SetPinLow                          0x080008e5   Thumb Code     8  bsp_dht11.o(i.DHT11_SetPinLow)
    i.DHT11_SetPinOutput                     0x080008f0   Section        0  bsp_dht11.o(i.DHT11_SetPinOutput)
    DHT11_SetPinOutput                       0x080008f1   Thumb Code    38  bsp_dht11.o(i.DHT11_SetPinOutput)
    i.DHT11_Task                             0x0800091c   Section        0  main.o(i.DHT11_Task)
    DHT11_Task                               0x0800091d   Thumb Code   354  main.o(i.DHT11_Task)
    i.DMA2D_DeInit                           0x08000af0   Section        0  stm32f4xx_dma2d.o(i.DMA2D_DeInit)
    i.DMA2D_GetFlagStatus                    0x08000b08   Section        0  stm32f4xx_dma2d.o(i.DMA2D_GetFlagStatus)
    i.DMA2D_Init                             0x08000b1c   Section        0  stm32f4xx_dma2d.o(i.DMA2D_Init)
    i.DMA2D_StartTransfer                    0x08000bd4   Section        0  stm32f4xx_dma2d.o(i.DMA2D_StartTransfer)
    i.DebugMon_Handler                       0x08000be4   Section        0  stm32f4xx_it.o(i.DebugMon_Handler)
    i.Debug_USART_Config                     0x08000be8   Section        0  bsp_debug_usart.o(i.Debug_USART_Config)
    i.Delay                                  0x08000c90   Section        0  bsp_i2c_touch.o(i.Delay)
    Delay                                    0x08000c91   Thumb Code    18  bsp_i2c_touch.o(i.Delay)
    i.Delay                                  0x08000ca2   Section        0  gt9xx.o(i.Delay)
    Delay                                    0x08000ca3   Thumb Code    18  gt9xx.o(i.Delay)
    i.EXTI15_10_IRQHandler                   0x08000cb4   Section        0  stm32f4xx_it.o(i.EXTI15_10_IRQHandler)
    i.EXTI_ClearITPendingBit                 0x08000cf8   Section        0  stm32f4xx_exti.o(i.EXTI_ClearITPendingBit)
    i.EXTI_GetITStatus                       0x08000d04   Section        0  stm32f4xx_exti.o(i.EXTI_GetITStatus)
    i.EXTI_Init                              0x08000d18   Section        0  stm32f4xx_exti.o(i.EXTI_Init)
    i.FMC_GetFlagStatus                      0x08000d8c   Section        0  stm32f4xx_fmc.o(i.FMC_GetFlagStatus)
    i.FMC_SDRAMCmdConfig                     0x08000dc4   Section        0  stm32f4xx_fmc.o(i.FMC_SDRAMCmdConfig)
    i.FMC_SDRAMInit                          0x08000de4   Section        0  stm32f4xx_fmc.o(i.FMC_SDRAMInit)
    i.FMC_SetRefreshCount                    0x08000eec   Section        0  stm32f4xx_fmc.o(i.FMC_SetRefreshCount)
    i.GPIO_Init                              0x08000efc   Section        0  stm32f4xx_gpio.o(i.GPIO_Init)
    i.GPIO_PinAFConfig                       0x08000f78   Section        0  stm32f4xx_gpio.o(i.GPIO_PinAFConfig)
    i.GPIO_ReadInputDataBit                  0x08000f98   Section        0  stm32f4xx_gpio.o(i.GPIO_ReadInputDataBit)
    i.GPIO_ResetBits                         0x08000fa6   Section        0  stm32f4xx_gpio.o(i.GPIO_ResetBits)
    i.GPIO_SetBits                           0x08000faa   Section        0  stm32f4xx_gpio.o(i.GPIO_SetBits)
    i.GTP_Get_Info                           0x08000fb0   Section        0  gt9xx.o(i.GTP_Get_Info)
    GTP_Get_Info                             0x08000fb1   Thumb Code   116  gt9xx.o(i.GTP_Get_Info)
    i.GTP_I2C_Read                           0x08001060   Section        0  gt9xx.o(i.GTP_I2C_Read)
    GTP_I2C_Read                             0x08001061   Thumb Code   102  gt9xx.o(i.GTP_I2C_Read)
    i.GTP_I2C_Test                           0x080010cc   Section        0  gt9xx.o(i.GTP_I2C_Test)
    GTP_I2C_Test                             0x080010cd   Thumb Code    56  gt9xx.o(i.GTP_I2C_Test)
    i.GTP_I2C_Write                          0x08001138   Section        0  gt9xx.o(i.GTP_I2C_Write)
    GTP_I2C_Write                            0x08001139   Thumb Code    76  gt9xx.o(i.GTP_I2C_Write)
    i.GTP_Init_Panel                         0x08001188   Section        0  gt9xx.o(i.GTP_Init_Panel)
    i.GTP_Read_Version                       0x0800125c   Section        0  gt9xx.o(i.GTP_Read_Version)
    i.GTP_TouchProcess                       0x080013a8   Section        0  gt9xx.o(i.GTP_TouchProcess)
    i.GTP_Touch_Down                         0x080013ac   Section        0  gt9xx.o(i.GTP_Touch_Down)
    GTP_Touch_Down                           0x080013ad   Thumb Code    26  gt9xx.o(i.GTP_Touch_Down)
    i.GTP_Touch_Up                           0x080013cc   Section        0  gt9xx.o(i.GTP_Touch_Up)
    GTP_Touch_Up                             0x080013cd   Thumb Code     2  gt9xx.o(i.GTP_Touch_Up)
    i.GUI_DrawButton                         0x080013d0   Section        0  main.o(i.GUI_DrawButton)
    GUI_DrawButton                           0x080013d1   Thumb Code   100  main.o(i.GUI_DrawButton)
    i.GUI_DrawHistoryScreen                  0x08001454   Section        0  main.o(i.GUI_DrawHistoryScreen)
    GUI_DrawHistoryScreen                    0x08001455   Thumb Code   394  main.o(i.GUI_DrawHistoryScreen)
    i.GUI_DrawMainScreen                     0x08001714   Section        0  main.o(i.GUI_DrawMainScreen)
    GUI_DrawMainScreen                       0x08001715   Thumb Code   350  main.o(i.GUI_DrawMainScreen)
    i.GUI_IsTouchInButton                    0x080019a4   Section        0  main.o(i.GUI_IsTouchInButton)
    GUI_IsTouchInButton                      0x080019a5   Thumb Code    32  main.o(i.GUI_IsTouchInButton)
    i.Goodix_TS_Work_Func                    0x080019c4   Section        0  gt9xx.o(i.Goodix_TS_Work_Func)
    Goodix_TS_Work_Func                      0x080019c5   Thumb Code   310  gt9xx.o(i.Goodix_TS_Work_Func)
    i.HardFault_Handler                      0x08001b64   Section        0  stm32f4xx_it.o(i.HardFault_Handler)
    i.I2C_GPIO_Config                        0x08001b68   Section        0  bsp_i2c_touch.o(i.I2C_GPIO_Config)
    I2C_GPIO_Config                          0x08001b69   Thumb Code   138  bsp_i2c_touch.o(i.I2C_GPIO_Config)
    i.I2C_GTP_IRQEnable                      0x08001bfc   Section        0  bsp_i2c_touch.o(i.I2C_GTP_IRQEnable)
    i.I2C_ReadBytes                          0x08001c60   Section        0  bsp_i2c_touch.o(i.I2C_ReadBytes)
    i.I2C_ResetChip                          0x08001cac   Section        0  bsp_i2c_touch.o(i.I2C_ResetChip)
    i.I2C_Touch_Init                         0x08001d1c   Section        0  bsp_i2c_touch.o(i.I2C_Touch_Init)
    i.I2C_Transfer                           0x08001d2e   Section        0  gt9xx.o(i.I2C_Transfer)
    I2C_Transfer                             0x08001d2f   Thumb Code    68  gt9xx.o(i.I2C_Transfer)
    i.I2C_WriteBytes                         0x08001d72   Section        0  bsp_i2c_touch.o(i.I2C_WriteBytes)
    i.LCD_Clear                              0x08001dcc   Section        0  bsp_lcd.o(i.LCD_Clear)
    i.LCD_DisplayChar                        0x08001e30   Section        0  bsp_lcd.o(i.LCD_DisplayChar)
    i.LCD_DisplayStringLine                  0x08001e50   Section        0  bsp_lcd.o(i.LCD_DisplayStringLine)
    i.LCD_DrawChar                           0x08001e94   Section        0  bsp_lcd.o(i.LCD_DrawChar)
    i.LCD_DrawFullRect                       0x08001f20   Section        0  bsp_lcd.o(i.LCD_DrawFullRect)
    i.LCD_DrawLine                           0x08001fa0   Section        0  bsp_lcd.o(i.LCD_DrawLine)
    i.LCD_DrawRect                           0x08002020   Section        0  bsp_lcd.o(i.LCD_DrawRect)
    i.LCD_GPIO_Config                        0x08002064   Section        0  bsp_lcd.o(i.LCD_GPIO_Config)
    LCD_GPIO_Config                          0x08002065   Thumb Code   676  bsp_lcd.o(i.LCD_GPIO_Config)
    i.LCD_Init                               0x0800232c   Section        0  bsp_lcd.o(i.LCD_Init)
    i.LCD_LayerInit                          0x080023ac   Section        0  bsp_lcd.o(i.LCD_LayerInit)
    i.LCD_SetColors                          0x08002454   Section        0  bsp_lcd.o(i.LCD_SetColors)
    i.LCD_SetFont                            0x08002460   Section        0  bsp_lcd.o(i.LCD_SetFont)
    i.LCD_SetLayer                           0x0800246c   Section        0  bsp_lcd.o(i.LCD_SetLayer)
    i.LCD_SetTextColor                       0x08002490   Section        0  bsp_lcd.o(i.LCD_SetTextColor)
    i.LCD_SetTransparency                    0x0800249c   Section        0  bsp_lcd.o(i.LCD_SetTransparency)
    i.LED_GPIO_Config                        0x080024cc   Section        0  bsp_led.o(i.LED_GPIO_Config)
    i.LTDC_Cmd                               0x08002528   Section        0  stm32f4xx_ltdc.o(i.LTDC_Cmd)
    i.LTDC_DitherCmd                         0x08002548   Section        0  stm32f4xx_ltdc.o(i.LTDC_DitherCmd)
    i.LTDC_Init                              0x08002568   Section        0  stm32f4xx_ltdc.o(i.LTDC_Init)
    i.LTDC_LayerAlpha                        0x08002610   Section        0  stm32f4xx_ltdc.o(i.LTDC_LayerAlpha)
    i.LTDC_LayerCmd                          0x08002614   Section        0  stm32f4xx_ltdc.o(i.LTDC_LayerCmd)
    i.LTDC_LayerInit                         0x0800262c   Section        0  stm32f4xx_ltdc.o(i.LTDC_LayerInit)
    i.LTDC_ReloadConfig                      0x080026c4   Section        0  stm32f4xx_ltdc.o(i.LTDC_ReloadConfig)
    i.MemManage_Handler                      0x080026d0   Section        0  stm32f4xx_it.o(i.MemManage_Handler)
    i.NMI_Handler                            0x080026d2   Section        0  stm32f4xx_it.o(i.NMI_Handler)
    i.NVIC_Configuration                     0x080026d4   Section        0  bsp_debug_usart.o(i.NVIC_Configuration)
    NVIC_Configuration                       0x080026d5   Thumb Code    30  bsp_debug_usart.o(i.NVIC_Configuration)
    i.NVIC_Init                              0x080026f4   Section        0  misc.o(i.NVIC_Init)
    i.NVIC_PriorityGroupConfig               0x0800275c   Section        0  misc.o(i.NVIC_PriorityGroupConfig)
    i.RCC_AHB1PeriphClockCmd                 0x08002770   Section        0  stm32f4xx_rcc.o(i.RCC_AHB1PeriphClockCmd)
    i.RCC_AHB1PeriphResetCmd                 0x0800278c   Section        0  stm32f4xx_rcc.o(i.RCC_AHB1PeriphResetCmd)
    i.RCC_AHB3PeriphClockCmd                 0x080027a8   Section        0  stm32f4xx_rcc.o(i.RCC_AHB3PeriphClockCmd)
    i.RCC_APB1PeriphClockCmd                 0x080027c4   Section        0  stm32f4xx_rcc.o(i.RCC_APB1PeriphClockCmd)
    i.RCC_APB2PeriphClockCmd                 0x080027e0   Section        0  stm32f4xx_rcc.o(i.RCC_APB2PeriphClockCmd)
    i.RCC_GetClocksFreq                      0x080027fc   Section        0  stm32f4xx_rcc.o(i.RCC_GetClocksFreq)
    i.RCC_GetFlagStatus                      0x080028a0   Section        0  stm32f4xx_rcc.o(i.RCC_GetFlagStatus)
    i.RCC_LTDCCLKDivConfig                   0x080028d8   Section        0  stm32f4xx_rcc.o(i.RCC_LTDCCLKDivConfig)
    i.RCC_PLLSAICmd                          0x080028ec   Section        0  stm32f4xx_rcc.o(i.RCC_PLLSAICmd)
    i.RCC_PLLSAIConfig                       0x080028f8   Section        0  stm32f4xx_rcc.o(i.RCC_PLLSAIConfig)
    i.RS485_Config                           0x0800290c   Section        0  bsp_rs485.o(i.RS485_Config)
    i.RS485_HandleMessage                    0x08002a08   Section        0  rs485_app.o(i.RS485_HandleMessage)
    RS485_HandleMessage                      0x08002a09   Thumb Code   192  rs485_app.o(i.RS485_HandleMessage)
    i.RS485_Send_Data                        0x08002b10   Section        0  bsp_rs485.o(i.RS485_Send_Data)
    i.RS485_Task                             0x08002bbc   Section        0  rs485_app.o(i.RS485_Task)
    i.SDRAM_GPIO_Config                      0x08002cf4   Section        0  bsp_sdram.o(i.SDRAM_GPIO_Config)
    SDRAM_GPIO_Config                        0x08002cf5   Thumb Code   876  bsp_sdram.o(i.SDRAM_GPIO_Config)
    i.SDRAM_Init                             0x08003078   Section        0  bsp_sdram.o(i.SDRAM_Init)
    i.SDRAM_InitSequence                     0x080030d4   Section        0  bsp_sdram.o(i.SDRAM_InitSequence)
    SDRAM_InitSequence                       0x080030d5   Thumb Code   172  bsp_sdram.o(i.SDRAM_InitSequence)
    i.SDRAM_delay                            0x08003180   Section        0  bsp_sdram.o(i.SDRAM_delay)
    SDRAM_delay                              0x08003181   Thumb Code    28  bsp_sdram.o(i.SDRAM_delay)
    i.SYSCFG_EXTILineConfig                  0x080031a0   Section        0  stm32f4xx_syscfg.o(i.SYSCFG_EXTILineConfig)
    i.SetSysClock                            0x080031cc   Section        0  system_stm32f4xx.o(i.SetSysClock)
    SetSysClock                              0x080031cd   Thumb Code   196  system_stm32f4xx.o(i.SetSysClock)
    i.SysTick_Handler                        0x080032a0   Section        0  stm32f4xx_it.o(i.SysTick_Handler)
    i.SystemInit                             0x080032b4   Section        0  system_stm32f4xx.o(i.SystemInit)
    i.USART2_IRQHandler                      0x08003310   Section        0  stm32f4xx_it.o(i.USART2_IRQHandler)
    i.USART_Cmd                              0x08003370   Section        0  stm32f4xx_usart.o(i.USART_Cmd)
    i.USART_GetFlagStatus                    0x08003388   Section        0  stm32f4xx_usart.o(i.USART_GetFlagStatus)
    i.USART_GetITStatus                      0x08003396   Section        0  stm32f4xx_usart.o(i.USART_GetITStatus)
    i.USART_ITConfig                         0x080033d6   Section        0  stm32f4xx_usart.o(i.USART_ITConfig)
    i.USART_Init                             0x0800340c   Section        0  stm32f4xx_usart.o(i.USART_Init)
    i.USART_ReceiveData                      0x080034c8   Section        0  stm32f4xx_usart.o(i.USART_ReceiveData)
    i.USART_SendData                         0x080034d0   Section        0  stm32f4xx_usart.o(i.USART_SendData)
    i.UsageFault_Handler                     0x080034d8   Section        0  stm32f4xx_it.o(i.UsageFault_Handler)
    i.__0printf$8                            0x080034dc   Section        0  printf8.o(i.__0printf$8)
    i.__0sprintf$8                           0x080034fc   Section        0  printf8.o(i.__0sprintf$8)
    i.__scatterload_copy                     0x08003524   Section       14  handlers.o(i.__scatterload_copy)
    i.__scatterload_null                     0x08003532   Section        2  handlers.o(i.__scatterload_null)
    i.__scatterload_zeroinit                 0x08003534   Section       14  handlers.o(i.__scatterload_zeroinit)
    i._printf_core                           0x08003544   Section        0  printf8.o(i._printf_core)
    _printf_core                             0x08003545   Thumb Code   996  printf8.o(i._printf_core)
    i._printf_post_padding                   0x08003954   Section        0  printf8.o(i._printf_post_padding)
    _printf_post_padding                     0x08003955   Thumb Code    36  printf8.o(i._printf_post_padding)
    i._printf_pre_padding                    0x08003978   Section        0  printf8.o(i._printf_pre_padding)
    _printf_pre_padding                      0x08003979   Thumb Code    46  printf8.o(i._printf_pre_padding)
    i._sputc                                 0x080039a6   Section        0  printf8.o(i._sputc)
    _sputc                                   0x080039a7   Thumb Code    10  printf8.o(i._sputc)
    i.fputc                                  0x080039b0   Section        0  bsp_debug_usart.o(i.fputc)
    i.i2c_Ack                                0x080039d4   Section        0  bsp_i2c_touch.o(i.i2c_Ack)
    i.i2c_Delay                              0x08003a0c   Section        0  bsp_i2c_touch.o(i.i2c_Delay)
    i2c_Delay                                0x08003a0d   Thumb Code    12  bsp_i2c_touch.o(i.i2c_Delay)
    i.i2c_NAck                               0x08003a18   Section        0  bsp_i2c_touch.o(i.i2c_NAck)
    i.i2c_ReadByte                           0x08003a48   Section        0  bsp_i2c_touch.o(i.i2c_ReadByte)
    i.i2c_SendByte                           0x08003a8c   Section        0  bsp_i2c_touch.o(i.i2c_SendByte)
    i.i2c_Start                              0x08003ae4   Section        0  bsp_i2c_touch.o(i.i2c_Start)
    i.i2c_Stop                               0x08003b1c   Section        0  bsp_i2c_touch.o(i.i2c_Stop)
    i.i2c_WaitAck                            0x08003b44   Section        0  bsp_i2c_touch.o(i.i2c_WaitAck)
    i.main                                   0x08003b84   Section        0  main.o(i.main)
    i.prvAddCurrentTaskToDelayedList         0x08003c08   Section        0  tasks.o(i.prvAddCurrentTaskToDelayedList)
    prvAddCurrentTaskToDelayedList           0x08003c09   Thumb Code   104  tasks.o(i.prvAddCurrentTaskToDelayedList)
    i.prvAddNewTaskToReadyList               0x08003c78   Section        0  tasks.o(i.prvAddNewTaskToReadyList)
    prvAddNewTaskToReadyList                 0x08003c79   Thumb Code   124  tasks.o(i.prvAddNewTaskToReadyList)
    i.prvCheckTasksWaitingTermination        0x08003d00   Section        0  tasks.o(i.prvCheckTasksWaitingTermination)
    prvCheckTasksWaitingTermination          0x08003d01   Thumb Code    74  tasks.o(i.prvCheckTasksWaitingTermination)
    i.prvCopyDataFromQueue                   0x08003d54   Section        0  queue.o(i.prvCopyDataFromQueue)
    prvCopyDataFromQueue                     0x08003d55   Thumb Code    40  queue.o(i.prvCopyDataFromQueue)
    i.prvCopyDataToQueue                     0x08003d7c   Section        0  queue.o(i.prvCopyDataToQueue)
    prvCopyDataToQueue                       0x08003d7d   Thumb Code    92  queue.o(i.prvCopyDataToQueue)
    i.prvDeleteTCB                           0x08003dd8   Section        0  tasks.o(i.prvDeleteTCB)
    prvDeleteTCB                             0x08003dd9   Thumb Code    20  tasks.o(i.prvDeleteTCB)
    i.prvHeapInit                            0x08003dec   Section        0  heap_4.o(i.prvHeapInit)
    prvHeapInit                              0x08003ded   Thumb Code    68  heap_4.o(i.prvHeapInit)
    i.prvIdleTask                            0x08003e38   Section        0  tasks.o(i.prvIdleTask)
    prvIdleTask                              0x08003e39   Thumb Code    30  tasks.o(i.prvIdleTask)
    i.prvInitialiseNewQueue                  0x08003e60   Section        0  queue.o(i.prvInitialiseNewQueue)
    prvInitialiseNewQueue                    0x08003e61   Thumb Code    24  queue.o(i.prvInitialiseNewQueue)
    i.prvInitialiseNewTask                   0x08003e78   Section        0  tasks.o(i.prvInitialiseNewTask)
    prvInitialiseNewTask                     0x08003e79   Thumb Code   134  tasks.o(i.prvInitialiseNewTask)
    i.prvInitialiseTaskLists                 0x08003f2c   Section        0  tasks.o(i.prvInitialiseTaskLists)
    prvInitialiseTaskLists                   0x08003f2d   Thumb Code    74  tasks.o(i.prvInitialiseTaskLists)
    i.prvInsertBlockIntoFreeList             0x08003f84   Section        0  heap_4.o(i.prvInsertBlockIntoFreeList)
    prvInsertBlockIntoFreeList               0x08003f85   Thumb Code    78  heap_4.o(i.prvInsertBlockIntoFreeList)
    i.prvIsQueueEmpty                        0x08003fd8   Section        0  queue.o(i.prvIsQueueEmpty)
    prvIsQueueEmpty                          0x08003fd9   Thumb Code    26  queue.o(i.prvIsQueueEmpty)
    i.prvIsQueueFull                         0x08003ff2   Section        0  queue.o(i.prvIsQueueFull)
    prvIsQueueFull                           0x08003ff3   Thumb Code    30  queue.o(i.prvIsQueueFull)
    i.prvResetNextTaskUnblockTime            0x08004010   Section        0  tasks.o(i.prvResetNextTaskUnblockTime)
    prvResetNextTaskUnblockTime              0x08004011   Thumb Code    30  tasks.o(i.prvResetNextTaskUnblockTime)
    i.prvTaskExitError                       0x08004034   Section        0  port.o(i.prvTaskExitError)
    prvTaskExitError                         0x08004035   Thumb Code    36  port.o(i.prvTaskExitError)
    i.prvUnlockQueue                         0x08004098   Section        0  queue.o(i.prvUnlockQueue)
    prvUnlockQueue                           0x08004099   Thumb Code   106  queue.o(i.prvUnlockQueue)
    i.pvPortMalloc                           0x08004104   Section        0  heap_4.o(i.pvPortMalloc)
    i.pxPortInitialiseStack                  0x08004210   Section        0  port.o(i.pxPortInitialiseStack)
    i.uxListRemove                           0x08004234   Section        0  list.o(i.uxListRemove)
    i.vListInitialise                        0x08004258   Section        0  list.o(i.vListInitialise)
    i.vListInitialiseItem                    0x0800426e   Section        0  list.o(i.vListInitialiseItem)
    i.vListInsert                            0x08004274   Section        0  list.o(i.vListInsert)
    i.vListInsertEnd                         0x080042a4   Section        0  list.o(i.vListInsertEnd)
    i.vPortEnterCritical                     0x080042bc   Section        0  port.o(i.vPortEnterCritical)
    i.vPortExitCritical                      0x08004334   Section        0  port.o(i.vPortExitCritical)
    i.vPortFree                              0x0800439c   Section        0  heap_4.o(i.vPortFree)
    i.vPortSetupTimerInterrupt               0x08004438   Section        0  port.o(i.vPortSetupTimerInterrupt)
    i.vPortValidateInterruptPriority         0x08004458   Section        0  port.o(i.vPortValidateInterruptPriority)
    i.vTaskDelete                            0x080044e4   Section        0  tasks.o(i.vTaskDelete)
    i.vTaskMissedYield                       0x080045b8   Section        0  tasks.o(i.vTaskMissedYield)
    i.vTaskPlaceOnEventList                  0x080045c4   Section        0  tasks.o(i.vTaskPlaceOnEventList)
    i.vTaskSetTimeOutState                   0x08004624   Section        0  tasks.o(i.vTaskSetTimeOutState)
    i.vTaskStartScheduler                    0x08004674   Section        0  tasks.o(i.vTaskStartScheduler)
    i.vTaskSuspendAll                        0x08004708   Section        0  tasks.o(i.vTaskSuspendAll)
    i.vTaskSwitchContext                     0x08004718   Section        0  tasks.o(i.vTaskSwitchContext)
    i.xPortStartScheduler                    0x080047a0   Section        0  port.o(i.xPortStartScheduler)
    i.xPortSysTickHandler                    0x080048b0   Section        0  port.o(i.xPortSysTickHandler)
    i.xQueueGenericCreate                    0x080048dc   Section        0  queue.o(i.xQueueGenericCreate)
    i.xQueueGenericReceive                   0x08004948   Section        0  queue.o(i.xQueueGenericReceive)
    i.xQueueGenericReset                     0x08004ad0   Section        0  queue.o(i.xQueueGenericReset)
    i.xQueueGenericSend                      0x08004b84   Section        0  queue.o(i.xQueueGenericSend)
    i.xQueueGenericSendFromISR               0x08004d04   Section        0  queue.o(i.xQueueGenericSendFromISR)
    i.xQueueGiveFromISR                      0x08004de0   Section        0  queue.o(i.xQueueGiveFromISR)
    i.xTaskCheckForTimeOut                   0x08004ea0   Section        0  tasks.o(i.xTaskCheckForTimeOut)
    i.xTaskCreate                            0x08004f38   Section        0  tasks.o(i.xTaskCreate)
    i.xTaskGetSchedulerState                 0x08004f98   Section        0  tasks.o(i.xTaskGetSchedulerState)
    i.xTaskGetTickCount                      0x08004fb4   Section        0  tasks.o(i.xTaskGetTickCount)
    i.xTaskIncrementTick                     0x08004fc0   Section        0  tasks.o(i.xTaskIncrementTick)
    i.xTaskRemoveFromEventList               0x080050b4   Section        0  tasks.o(i.xTaskRemoveFromEventList)
    i.xTaskResumeAll                         0x08005158   Section        0  tasks.o(i.xTaskResumeAll)
    .constdata                               0x0800524c   Section     4560  fonts.o(.constdata)
    .constdata                               0x0800641c   Section      392  gt9xx.o(.constdata)
    .conststring                             0x080065a4   Section      161  gt9xx.o(.conststring)
    .data                                    0x20000000   Section       20  system_stm32f4xx.o(.data)
    .data                                    0x20000014   Section       16  stm32f4xx_rcc.o(.data)
    APBAHBPrescTable                         0x20000014   Data          16  stm32f4xx_rcc.o(.data)
    .data                                    0x20000024   Section       40  main.o(.data)
    DHT11_HistoryIndex                       0x20000026   Data           1  main.o(.data)
    DHT11_HistoryCount                       0x20000027   Data           1  main.o(.data)
    screen_mode                              0x20000028   Data           1  main.o(.data)
    screen_need_redraw                       0x20000029   Data           1  main.o(.data)
    AppTaskCreate_Handle                     0x2000002c   Data           4  main.o(.data)
    DHT11_Task_Handle                        0x20000030   Data           4  main.o(.data)
    RS485_Task_Handle                        0x20000034   Data           4  main.o(.data)
    DHT11_SampleCount                        0x20000044   Data           4  main.o(.data)
    last_redraw_tick                         0x20000048   Data           4  main.o(.data)
    .data                                    0x2000004c   Section        8  fonts.o(.data)
    .data                                    0x20000054   Section       16  bsp_lcd.o(.data)
    CurrentTextColor                         0x20000054   Data           2  bsp_lcd.o(.data)
    CurrentBackColor                         0x20000056   Data           2  bsp_lcd.o(.data)
    CurrentFrameBuffer                       0x20000058   Data           4  bsp_lcd.o(.data)
    CurrentLayer                             0x2000005c   Data           4  bsp_lcd.o(.data)
    LCD_Currentfonts                         0x20000060   Data           4  bsp_lcd.o(.data)
    .data                                    0x20000064   Section       50  rs485_app.o(.data)
    .data                                    0x20000096   Section      251  gt9xx.o(.data)
    pre_touch                                0x20000098   Data           2  gt9xx.o(.data)
    pre_id                                   0x2000009a   Data           5  gt9xx.o(.data)
    .data                                    0x20000194   Section       60  tasks.o(.data)
    uxDeletedTasksWaitingCleanUp             0x20000198   Data           4  tasks.o(.data)
    uxCurrentNumberOfTasks                   0x2000019c   Data           4  tasks.o(.data)
    xTickCount                               0x200001a0   Data           4  tasks.o(.data)
    uxTopReadyPriority                       0x200001a4   Data           4  tasks.o(.data)
    xSchedulerRunning                        0x200001a8   Data           4  tasks.o(.data)
    uxPendedTicks                            0x200001ac   Data           4  tasks.o(.data)
    xYieldPending                            0x200001b0   Data           4  tasks.o(.data)
    xNumOfOverflows                          0x200001b4   Data           4  tasks.o(.data)
    uxTaskNumber                             0x200001b8   Data           4  tasks.o(.data)
    xNextTaskUnblockTime                     0x200001bc   Data           4  tasks.o(.data)
    xIdleTaskHandle                          0x200001c0   Data           4  tasks.o(.data)
    uxSchedulerSuspended                     0x200001c4   Data           4  tasks.o(.data)
    pxDelayedTaskList                        0x200001c8   Data           4  tasks.o(.data)
    pxOverflowDelayedTaskList                0x200001cc   Data           4  tasks.o(.data)
    .data                                    0x200001d0   Section       24  heap_4.o(.data)
    pxEnd                                    0x200001d0   Data           4  heap_4.o(.data)
    xFreeBytesRemaining                      0x200001d4   Data           4  heap_4.o(.data)
    xMinimumEverFreeBytesRemaining           0x200001d8   Data           4  heap_4.o(.data)
    xBlockAllocatedBit                       0x200001dc   Data           4  heap_4.o(.data)
    xStart                                   0x200001e0   Data           8  heap_4.o(.data)
    .data                                    0x200001e8   Section       12  port.o(.data)
    ucMaxSysCallPriority                     0x200001e8   Data           1  port.o(.data)
    uxCriticalNesting                        0x200001ec   Data           4  port.o(.data)
    ulMaxPRIGROUPValue                       0x200001f0   Data           4  port.o(.data)
    .data                                    0x200001f4   Section        4  stdout.o(.data)
    .bss                                     0x200001f8   Section       80  main.o(.bss)
    DHT11_History                            0x200001f8   Data          80  main.o(.bss)
    .bss                                     0x20000248   Section      256  rs485_app.o(.bss)
    frame_buf                                0x20000248   Data         256  rs485_app.o(.bss)
    .bss                                     0x20000348   Section      740  tasks.o(.bss)
    pxReadyTasksLists                        0x20000348   Data         640  tasks.o(.bss)
    xDelayedTaskList1                        0x200005c8   Data          20  tasks.o(.bss)
    xDelayedTaskList2                        0x200005dc   Data          20  tasks.o(.bss)
    xPendingReadyList                        0x200005f0   Data          20  tasks.o(.bss)
    xTasksWaitingTermination                 0x20000604   Data          20  tasks.o(.bss)
    xSuspendedTaskList                       0x20000618   Data          20  tasks.o(.bss)
    .bss                                     0x2000062c   Section    36864  heap_4.o(.bss)
    ucHeap                                   0x2000062c   Data       36864  heap_4.o(.bss)
    STACK                                    0x20009630   Section     1024  startup_stm32f429_439xx.o(STACK)

    Global Symbols

    Symbol Name                              Value     Ov Type        Size  Object(Section)

    BuildAttributes$$THM_ISAv4$E$P$D$K$B$S$7EM$VFPi3$EXTD16$VFPS$VFMA$PE$A:L22UL41UL21$X:L11$S22US41US21$IEEE1$IW$USESV6$~STKCKD$USESV7$~SHL$OSPACE$ROPI$EBA8$MICROLIB$REQ8$PRES8$EABIv2 0x00000000   Number         0  anon$$obj.o ABSOLUTE
    __ARM_use_no_argv                        0x00000000   Number         0  main.o ABSOLUTE
    _printf_a                                0x00000000   Number         0  stubs.o ABSOLUTE
    _printf_c                                0x00000000   Number         0  stubs.o ABSOLUTE
    _printf_charcount                        0x00000000   Number         0  stubs.o ABSOLUTE
    _printf_d                                0x00000000   Number         0  stubs.o ABSOLUTE
    _printf_e                                0x00000000   Number         0  stubs.o ABSOLUTE
    _printf_f                                0x00000000   Number         0  stubs.o ABSOLUTE
    _printf_flags                            0x00000000   Number         0  stubs.o ABSOLUTE
    _printf_fp_dec                           0x00000000   Number         0  stubs.o ABSOLUTE
    _printf_fp_hex                           0x00000000   Number         0  stubs.o ABSOLUTE
    _printf_g                                0x00000000   Number         0  stubs.o ABSOLUTE
    _printf_i                                0x00000000   Number         0  stubs.o ABSOLUTE
    _printf_int_dec                          0x00000000   Number         0  stubs.o ABSOLUTE
    _printf_l                                0x00000000   Number         0  stubs.o ABSOLUTE
    _printf_lc                               0x00000000   Number         0  stubs.o ABSOLUTE
    _printf_ll                               0x00000000   Number         0  stubs.o ABSOLUTE
    _printf_lld                              0x00000000   Number         0  stubs.o ABSOLUTE
    _printf_lli                              0x00000000   Number         0  stubs.o ABSOLUTE
    _printf_llo                              0x00000000   Number         0  stubs.o ABSOLUTE
    _printf_llu                              0x00000000   Number         0  stubs.o ABSOLUTE
    _printf_llx                              0x00000000   Number         0  stubs.o ABSOLUTE
    _printf_longlong_dec                     0x00000000   Number         0  stubs.o ABSOLUTE
    _printf_longlong_hex                     0x00000000   Number         0  stubs.o ABSOLUTE
    _printf_longlong_oct                     0x00000000   Number         0  stubs.o ABSOLUTE
    _printf_ls                               0x00000000   Number         0  stubs.o ABSOLUTE
    _printf_mbtowc                           0x00000000   Number         0  stubs.o ABSOLUTE
    _printf_n                                0x00000000   Number         0  stubs.o ABSOLUTE
    _printf_o                                0x00000000   Number         0  stubs.o ABSOLUTE
    _printf_p                                0x00000000   Number         0  stubs.o ABSOLUTE
    _printf_percent                          0x00000000   Number         0  stubs.o ABSOLUTE
    _printf_pre_padding                      0x00000000   Number         0  stubs.o ABSOLUTE
    _printf_return_value                     0x00000000   Number         0  stubs.o ABSOLUTE
    _printf_s                                0x00000000   Number         0  stubs.o ABSOLUTE
    _printf_sizespec                         0x00000000   Number         0  stubs.o ABSOLUTE
    _printf_str                              0x00000000   Number         0  stubs.o ABSOLUTE
    _printf_truncate_signed                  0x00000000   Number         0  stubs.o ABSOLUTE
    _printf_truncate_unsigned                0x00000000   Number         0  stubs.o ABSOLUTE
    _printf_u                                0x00000000   Number         0  stubs.o ABSOLUTE
    _printf_wc                               0x00000000   Number         0  stubs.o ABSOLUTE
    _printf_wctomb                           0x00000000   Number         0  stubs.o ABSOLUTE
    _printf_widthprec                        0x00000000   Number         0  stubs.o ABSOLUTE
    _printf_x                                0x00000000   Number         0  stubs.o ABSOLUTE
    __cpp_initialize__aeabi_                  - Undefined Weak Reference
    __cxa_finalize                            - Undefined Weak Reference
    _clock_init                               - Undefined Weak Reference
    _microlib_exit                            - Undefined Weak Reference
    __Vectors_Size                           0x000001ac   Number         0  startup_stm32f429_439xx.o ABSOLUTE
    __Vectors                                0x08000000   Data           4  startup_stm32f429_439xx.o(RESET)
    __Vectors_End                            0x080001ac   Data           0  startup_stm32f429_439xx.o(RESET)
    __main                                   0x080001ad   Thumb Code     0  entry.o(.ARM.Collect$$$$00000000)
    _main_stk                                0x080001ad   Thumb Code     0  entry2.o(.ARM.Collect$$$$00000001)
    _main_scatterload                        0x080001b1   Thumb Code     0  entry5.o(.ARM.Collect$$$$00000004)
    __main_after_scatterload                 0x080001b5   Thumb Code     0  entry5.o(.ARM.Collect$$$$00000004)
    _main_clock                              0x080001b5   Thumb Code     0  entry7b.o(.ARM.Collect$$$$00000008)
    _main_cpp_init                           0x080001b5   Thumb Code     0  entry8b.o(.ARM.Collect$$$$0000000A)
    _main_init                               0x080001b5   Thumb Code     0  entry9a.o(.ARM.Collect$$$$0000000B)
    __rt_final_cpp                           0x080001bd   Thumb Code     0  entry10a.o(.ARM.Collect$$$$0000000D)
    __rt_final_exit                          0x080001bd   Thumb Code     0  entry11a.o(.ARM.Collect$$$$0000000F)
    SVC_Handler                              0x080001c1   Thumb Code    28  port.o(.emb_text)
    __asm___6_port_c_39a90d8d__prvStartFirstTask 0x080001e1   Thumb Code    28  port.o(.emb_text)
    __asm___6_port_c_39a90d8d__prvEnableVFP  0x08000201   Thumb Code    16  port.o(.emb_text)
    PendSV_Handler                           0x08000215   Thumb Code    88  port.o(.emb_text)
    vPortGetIPSR                             0x08000271   Thumb Code     6  port.o(.emb_text)
    Reset_Handler                            0x08000279   Thumb Code     8  startup_stm32f429_439xx.o(.text)
    ADC_IRQHandler                           0x08000293   Thumb Code     0  startup_stm32f429_439xx.o(.text)
    CAN1_RX0_IRQHandler                      0x08000293   Thumb Code     0  startup_stm32f429_439xx.o(.text)
    CAN1_RX1_IRQHandler                      0x08000293   Thumb Code     0  startup_stm32f429_439xx.o(.text)
    CAN1_SCE_IRQHandler                      0x08000293   Thumb Code     0  startup_stm32f429_439xx.o(.text)
    CAN1_TX_IRQHandler                       0x08000293   Thumb Code     0  startup_stm32f429_439xx.o(.text)
    CAN2_RX0_IRQHandler                      0x08000293   Thumb Code     0  startup_stm32f429_439xx.o(.text)
    CAN2_RX1_IRQHandler                      0x08000293   Thumb Code     0  startup_stm32f429_439xx.o(.text)
    CAN2_SCE_IRQHandler                      0x08000293   Thumb Code     0  startup_stm32f429_439xx.o(.text)
    CAN2_TX_IRQHandler                       0x08000293   Thumb Code     0  startup_stm32f429_439xx.o(.text)
    CRYP_IRQHandler                          0x08000293   Thumb Code     0  startup_stm32f429_439xx.o(.text)
    DCMI_IRQHandler                          0x08000293   Thumb Code     0  startup_stm32f429_439xx.o(.text)
    DMA1_Stream0_IRQHandler                  0x08000293   Thumb Code     0  startup_stm32f429_439xx.o(.text)
    DMA1_Stream1_IRQHandler                  0x08000293   Thumb Code     0  startup_stm32f429_439xx.o(.text)
    DMA1_Stream2_IRQHandler                  0x08000293   Thumb Code     0  startup_stm32f429_439xx.o(.text)
    DMA1_Stream3_IRQHandler                  0x08000293   Thumb Code     0  startup_stm32f429_439xx.o(.text)
    DMA1_Stream4_IRQHandler                  0x08000293   Thumb Code     0  startup_stm32f429_439xx.o(.text)
    DMA1_Stream5_IRQHandler                  0x08000293   Thumb Code     0  startup_stm32f429_439xx.o(.text)
    DMA1_Stream6_IRQHandler                  0x08000293   Thumb Code     0  startup_stm32f429_439xx.o(.text)
    DMA1_Stream7_IRQHandler                  0x08000293   Thumb Code     0  startup_stm32f429_439xx.o(.text)
    DMA2D_IRQHandler                         0x08000293   Thumb Code     0  startup_stm32f429_439xx.o(.text)
    DMA2_Stream0_IRQHandler                  0x08000293   Thumb Code     0  startup_stm32f429_439xx.o(.text)
    DMA2_Stream1_IRQHandler                  0x08000293   Thumb Code     0  startup_stm32f429_439xx.o(.text)
    DMA2_Stream2_IRQHandler                  0x08000293   Thumb Code     0  startup_stm32f429_439xx.o(.text)
    DMA2_Stream3_IRQHandler                  0x08000293   Thumb Code     0  startup_stm32f429_439xx.o(.text)
    DMA2_Stream4_IRQHandler                  0x08000293   Thumb Code     0  startup_stm32f429_439xx.o(.text)
    DMA2_Stream5_IRQHandler                  0x08000293   Thumb Code     0  startup_stm32f429_439xx.o(.text)
    DMA2_Stream6_IRQHandler                  0x08000293   Thumb Code     0  startup_stm32f429_439xx.o(.text)
    DMA2_Stream7_IRQHandler                  0x08000293   Thumb Code     0  startup_stm32f429_439xx.o(.text)
    ETH_IRQHandler                           0x08000293   Thumb Code     0  startup_stm32f429_439xx.o(.text)
    ETH_WKUP_IRQHandler                      0x08000293   Thumb Code     0  startup_stm32f429_439xx.o(.text)
    EXTI0_IRQHandler                         0x08000293   Thumb Code     0  startup_stm32f429_439xx.o(.text)
    EXTI1_IRQHandler                         0x08000293   Thumb Code     0  startup_stm32f429_439xx.o(.text)
    EXTI2_IRQHandler                         0x08000293   Thumb Code     0  startup_stm32f429_439xx.o(.text)
    EXTI3_IRQHandler                         0x08000293   Thumb Code     0  startup_stm32f429_439xx.o(.text)
    EXTI4_IRQHandler                         0x08000293   Thumb Code     0  startup_stm32f429_439xx.o(.text)
    EXTI9_5_IRQHandler                       0x08000293   Thumb Code     0  startup_stm32f429_439xx.o(.text)
    FLASH_IRQHandler                         0x08000293   Thumb Code     0  startup_stm32f429_439xx.o(.text)
    FMC_IRQHandler                           0x08000293   Thumb Code     0  startup_stm32f429_439xx.o(.text)
    FPU_IRQHandler                           0x08000293   Thumb Code     0  startup_stm32f429_439xx.o(.text)
    HASH_RNG_IRQHandler                      0x08000293   Thumb Code     0  startup_stm32f429_439xx.o(.text)
    I2C1_ER_IRQHandler                       0x08000293   Thumb Code     0  startup_stm32f429_439xx.o(.text)
    I2C1_EV_IRQHandler                       0x08000293   Thumb Code     0  startup_stm32f429_439xx.o(.text)
    I2C2_ER_IRQHandler                       0x08000293   Thumb Code     0  startup_stm32f429_439xx.o(.text)
    I2C2_EV_IRQHandler                       0x08000293   Thumb Code     0  startup_stm32f429_439xx.o(.text)
    I2C3_ER_IRQHandler                       0x08000293   Thumb Code     0  startup_stm32f429_439xx.o(.text)
    I2C3_EV_IRQHandler                       0x08000293   Thumb Code     0  startup_stm32f429_439xx.o(.text)
    LTDC_ER_IRQHandler                       0x08000293   Thumb Code     0  startup_stm32f429_439xx.o(.text)
    LTDC_IRQHandler                          0x08000293   Thumb Code     0  startup_stm32f429_439xx.o(.text)
    OTG_FS_IRQHandler                        0x08000293   Thumb Code     0  startup_stm32f429_439xx.o(.text)
    OTG_FS_WKUP_IRQHandler                   0x08000293   Thumb Code     0  startup_stm32f429_439xx.o(.text)
    OTG_HS_EP1_IN_IRQHandler                 0x08000293   Thumb Code     0  startup_stm32f429_439xx.o(.text)
    OTG_HS_EP1_OUT_IRQHandler                0x08000293   Thumb Code     0  startup_stm32f429_439xx.o(.text)
    OTG_HS_IRQHandler                        0x08000293   Thumb Code     0  startup_stm32f429_439xx.o(.text)
    OTG_HS_WKUP_IRQHandler                   0x08000293   Thumb Code     0  startup_stm32f429_439xx.o(.text)
    PVD_IRQHandler                           0x08000293   Thumb Code     0  startup_stm32f429_439xx.o(.text)
    RCC_IRQHandler                           0x08000293   Thumb Code     0  startup_stm32f429_439xx.o(.text)
    RTC_Alarm_IRQHandler                     0x08000293   Thumb Code     0  startup_stm32f429_439xx.o(.text)
    RTC_WKUP_IRQHandler                      0x08000293   Thumb Code     0  startup_stm32f429_439xx.o(.text)
    SAI1_IRQHandler                          0x08000293   Thumb Code     0  startup_stm32f429_439xx.o(.text)
    SDIO_IRQHandler                          0x08000293   Thumb Code     0  startup_stm32f429_439xx.o(.text)
    SPI1_IRQHandler                          0x08000293   Thumb Code     0  startup_stm32f429_439xx.o(.text)
    SPI2_IRQHandler                          0x08000293   Thumb Code     0  startup_stm32f429_439xx.o(.text)
    SPI3_IRQHandler                          0x08000293   Thumb Code     0  startup_stm32f429_439xx.o(.text)
    SPI4_IRQHandler                          0x08000293   Thumb Code     0  startup_stm32f429_439xx.o(.text)
    SPI5_IRQHandler                          0x08000293   Thumb Code     0  startup_stm32f429_439xx.o(.text)
    SPI6_IRQHandler                          0x08000293   Thumb Code     0  startup_stm32f429_439xx.o(.text)
    TAMP_STAMP_IRQHandler                    0x08000293   Thumb Code     0  startup_stm32f429_439xx.o(.text)
    TIM1_BRK_TIM9_IRQHandler                 0x08000293   Thumb Code     0  startup_stm32f429_439xx.o(.text)
    TIM1_CC_IRQHandler                       0x08000293   Thumb Code     0  startup_stm32f429_439xx.o(.text)
    TIM1_TRG_COM_TIM11_IRQHandler            0x08000293   Thumb Code     0  startup_stm32f429_439xx.o(.text)
    TIM1_UP_TIM10_IRQHandler                 0x08000293   Thumb Code     0  startup_stm32f429_439xx.o(.text)
    TIM2_IRQHandler                          0x08000293   Thumb Code     0  startup_stm32f429_439xx.o(.text)
    TIM3_IRQHandler                          0x08000293   Thumb Code     0  startup_stm32f429_439xx.o(.text)
    TIM4_IRQHandler                          0x08000293   Thumb Code     0  startup_stm32f429_439xx.o(.text)
    TIM5_IRQHandler                          0x08000293   Thumb Code     0  startup_stm32f429_439xx.o(.text)
    TIM6_DAC_IRQHandler                      0x08000293   Thumb Code     0  startup_stm32f429_439xx.o(.text)
    TIM7_IRQHandler                          0x08000293   Thumb Code     0  startup_stm32f429_439xx.o(.text)
    TIM8_BRK_TIM12_IRQHandler                0x08000293   Thumb Code     0  startup_stm32f429_439xx.o(.text)
    TIM8_CC_IRQHandler                       0x08000293   Thumb Code     0  startup_stm32f429_439xx.o(.text)
    TIM8_TRG_COM_TIM14_IRQHandler            0x08000293   Thumb Code     0  startup_stm32f429_439xx.o(.text)
    TIM8_UP_TIM13_IRQHandler                 0x08000293   Thumb Code     0  startup_stm32f429_439xx.o(.text)
    UART4_IRQHandler                         0x08000293   Thumb Code     0  startup_stm32f429_439xx.o(.text)
    UART5_IRQHandler                         0x08000293   Thumb Code     0  startup_stm32f429_439xx.o(.text)
    UART7_IRQHandler                         0x08000293   Thumb Code     0  startup_stm32f429_439xx.o(.text)
    UART8_IRQHandler                         0x08000293   Thumb Code     0  startup_stm32f429_439xx.o(.text)
    USART1_IRQHandler                        0x08000293   Thumb Code     0  startup_stm32f429_439xx.o(.text)
    USART3_IRQHandler                        0x08000293   Thumb Code     0  startup_stm32f429_439xx.o(.text)
    USART6_IRQHandler                        0x08000293   Thumb Code     0  startup_stm32f429_439xx.o(.text)
    WWDG_IRQHandler                          0x08000293   Thumb Code     0  startup_stm32f429_439xx.o(.text)
    __aeabi_memcpy                           0x0800029d   Thumb Code    36  memcpya.o(.text)
    __aeabi_memcpy4                          0x0800029d   Thumb Code     0  memcpya.o(.text)
    __aeabi_memcpy8                          0x0800029d   Thumb Code     0  memcpya.o(.text)
    __aeabi_memset                           0x080002c1   Thumb Code    14  memseta.o(.text)
    __aeabi_memset4                          0x080002c1   Thumb Code     0  memseta.o(.text)
    __aeabi_memset8                          0x080002c1   Thumb Code     0  memseta.o(.text)
    __aeabi_memclr                           0x080002cf   Thumb Code     4  memseta.o(.text)
    __aeabi_memclr4                          0x080002cf   Thumb Code     0  memseta.o(.text)
    __aeabi_memclr8                          0x080002cf   Thumb Code     0  memseta.o(.text)
    _memset$wrapper                          0x080002d3   Thumb Code    18  memseta.o(.text)
    __aeabi_uldivmod                         0x080002e5   Thumb Code    98  uldiv.o(.text)
    __scatterload                            0x08000349   Thumb Code    28  init.o(.text)
    __scatterload_rt2                        0x08000349   Thumb Code     0  init.o(.text)
    __aeabi_llsl                             0x0800036d   Thumb Code    30  llshl.o(.text)
    _ll_shift_l                              0x0800036d   Thumb Code     0  llshl.o(.text)
    __aeabi_llsr                             0x0800038b   Thumb Code    32  llushr.o(.text)
    _ll_ushift_r                             0x0800038b   Thumb Code     0  llushr.o(.text)
    __decompress                             0x080003ab   Thumb Code     0  __dczerorl2.o(.text)
    __decompress1                            0x080003ab   Thumb Code    86  __dczerorl2.o(.text)
    BusFault_Handler                         0x080005bd   Thumb Code     2  stm32f4xx_it.o(i.BusFault_Handler)
    DHT11_GPIO_Config                        0x080006cd   Thumb Code    60  bsp_dht11.o(i.DHT11_GPIO_Config)
    DHT11_Read                               0x0800070d   Thumb Code   154  bsp_dht11.o(i.DHT11_Read)
    DHT11_ReadAverage                        0x080007a7   Thumb Code   114  bsp_dht11.o(i.DHT11_ReadAverage)
    DMA2D_DeInit                             0x08000af1   Thumb Code    24  stm32f4xx_dma2d.o(i.DMA2D_DeInit)
    DMA2D_GetFlagStatus                      0x08000b09   Thumb Code    16  stm32f4xx_dma2d.o(i.DMA2D_GetFlagStatus)
    DMA2D_Init                               0x08000b1d   Thumb Code   174  stm32f4xx_dma2d.o(i.DMA2D_Init)
    DMA2D_StartTransfer                      0x08000bd5   Thumb Code    12  stm32f4xx_dma2d.o(i.DMA2D_StartTransfer)
    DebugMon_Handler                         0x08000be5   Thumb Code     2  stm32f4xx_it.o(i.DebugMon_Handler)
    Debug_USART_Config                       0x08000be9   Thumb Code   158  bsp_debug_usart.o(i.Debug_USART_Config)
    EXTI15_10_IRQHandler                     0x08000cb5   Thumb Code    58  stm32f4xx_it.o(i.EXTI15_10_IRQHandler)
    EXTI_ClearITPendingBit                   0x08000cf9   Thumb Code     6  stm32f4xx_exti.o(i.EXTI_ClearITPendingBit)
    EXTI_GetITStatus                         0x08000d05   Thumb Code    16  stm32f4xx_exti.o(i.EXTI_GetITStatus)
    EXTI_Init                                0x08000d19   Thumb Code   110  stm32f4xx_exti.o(i.EXTI_Init)
    FMC_GetFlagStatus                        0x08000d8d   Thumb Code    54  stm32f4xx_fmc.o(i.FMC_GetFlagStatus)
    FMC_SDRAMCmdConfig                       0x08000dc5   Thumb Code    26  stm32f4xx_fmc.o(i.FMC_SDRAMCmdConfig)
    FMC_SDRAMInit                            0x08000de5   Thumb Code   262  stm32f4xx_fmc.o(i.FMC_SDRAMInit)
    FMC_SetRefreshCount                      0x08000eed   Thumb Code    12  stm32f4xx_fmc.o(i.FMC_SetRefreshCount)
    GPIO_Init                                0x08000efd   Thumb Code   124  stm32f4xx_gpio.o(i.GPIO_Init)
    GPIO_PinAFConfig                         0x08000f79   Thumb Code    32  stm32f4xx_gpio.o(i.GPIO_PinAFConfig)
    GPIO_ReadInputDataBit                    0x08000f99   Thumb Code    14  stm32f4xx_gpio.o(i.GPIO_ReadInputDataBit)
    GPIO_ResetBits                           0x08000fa7   Thumb Code     4  stm32f4xx_gpio.o(i.GPIO_ResetBits)
    GPIO_SetBits                             0x08000fab   Thumb Code     4  stm32f4xx_gpio.o(i.GPIO_SetBits)
    GTP_Init_Panel                           0x08001189   Thumb Code   156  gt9xx.o(i.GTP_Init_Panel)
    GTP_Read_Version                         0x0800125d   Thumb Code   184  gt9xx.o(i.GTP_Read_Version)
    GTP_TouchProcess                         0x080013a9   Thumb Code     4  gt9xx.o(i.GTP_TouchProcess)
    HardFault_Handler                        0x08001b65   Thumb Code     2  stm32f4xx_it.o(i.HardFault_Handler)
    I2C_GTP_IRQEnable                        0x08001bfd   Thumb Code    96  bsp_i2c_touch.o(i.I2C_GTP_IRQEnable)
    I2C_ReadBytes                            0x08001c61   Thumb Code    74  bsp_i2c_touch.o(i.I2C_ReadBytes)
    I2C_ResetChip                            0x08001cad   Thumb Code   104  bsp_i2c_touch.o(i.I2C_ResetChip)
    I2C_Touch_Init                           0x08001d1d   Thumb Code    18  bsp_i2c_touch.o(i.I2C_Touch_Init)
    I2C_WriteBytes                           0x08001d73   Thumb Code    88  bsp_i2c_touch.o(i.I2C_WriteBytes)
    LCD_Clear                                0x08001dcd   Thumb Code    96  bsp_lcd.o(i.LCD_Clear)
    LCD_DisplayChar                          0x08001e31   Thumb Code    26  bsp_lcd.o(i.LCD_DisplayChar)
    LCD_DisplayStringLine                    0x08001e51   Thumb Code    62  bsp_lcd.o(i.LCD_DisplayStringLine)
    LCD_DrawChar                             0x08001e95   Thumb Code   134  bsp_lcd.o(i.LCD_DrawChar)
    LCD_DrawFullRect                         0x08001f21   Thumb Code   122  bsp_lcd.o(i.LCD_DrawFullRect)
    LCD_DrawLine                             0x08001fa1   Thumb Code   124  bsp_lcd.o(i.LCD_DrawLine)
    LCD_DrawRect                             0x08002021   Thumb Code    68  bsp_lcd.o(i.LCD_DrawRect)
    LCD_Init                                 0x0800232d   Thumb Code   126  bsp_lcd.o(i.LCD_Init)
    LCD_LayerInit                            0x080023ad   Thumb Code   154  bsp_lcd.o(i.LCD_LayerInit)
    LCD_SetColors                            0x08002455   Thumb Code     8  bsp_lcd.o(i.LCD_SetColors)
    LCD_SetFont                              0x08002461   Thumb Code     6  bsp_lcd.o(i.LCD_SetFont)
    LCD_SetLayer                             0x0800246d   Thumb Code    28  bsp_lcd.o(i.LCD_SetLayer)
    LCD_SetTextColor                         0x08002491   Thumb Code     6  bsp_lcd.o(i.LCD_SetTextColor)
    LCD_SetTransparency                      0x0800249d   Thumb Code    40  bsp_lcd.o(i.LCD_SetTransparency)
    LED_GPIO_Config                          0x080024cd   Thumb Code    86  bsp_led.o(i.LED_GPIO_Config)
    LTDC_Cmd                                 0x08002529   Thumb Code    26  stm32f4xx_ltdc.o(i.LTDC_Cmd)
    LTDC_DitherCmd                           0x08002549   Thumb Code    26  stm32f4xx_ltdc.o(i.LTDC_DitherCmd)
    LTDC_Init                                0x08002569   Thumb Code   156  stm32f4xx_ltdc.o(i.LTDC_Init)
    LTDC_LayerAlpha                          0x08002611   Thumb Code     4  stm32f4xx_ltdc.o(i.LTDC_LayerAlpha)
    LTDC_LayerCmd                            0x08002615   Thumb Code    24  stm32f4xx_ltdc.o(i.LTDC_LayerCmd)
    LTDC_LayerInit                           0x0800262d   Thumb Code   150  stm32f4xx_ltdc.o(i.LTDC_LayerInit)
    LTDC_ReloadConfig                        0x080026c5   Thumb Code     6  stm32f4xx_ltdc.o(i.LTDC_ReloadConfig)
    MemManage_Handler                        0x080026d1   Thumb Code     2  stm32f4xx_it.o(i.MemManage_Handler)
    NMI_Handler                              0x080026d3   Thumb Code     2  stm32f4xx_it.o(i.NMI_Handler)
    NVIC_Init                                0x080026f5   Thumb Code    98  misc.o(i.NVIC_Init)
    NVIC_PriorityGroupConfig                 0x0800275d   Thumb Code    10  misc.o(i.NVIC_PriorityGroupConfig)
    RCC_AHB1PeriphClockCmd                   0x08002771   Thumb Code    22  stm32f4xx_rcc.o(i.RCC_AHB1PeriphClockCmd)
    RCC_AHB1PeriphResetCmd                   0x0800278d   Thumb Code    22  stm32f4xx_rcc.o(i.RCC_AHB1PeriphResetCmd)
    RCC_AHB3PeriphClockCmd                   0x080027a9   Thumb Code    22  stm32f4xx_rcc.o(i.RCC_AHB3PeriphClockCmd)
    RCC_APB1PeriphClockCmd                   0x080027c5   Thumb Code    22  stm32f4xx_rcc.o(i.RCC_APB1PeriphClockCmd)
    RCC_APB2PeriphClockCmd                   0x080027e1   Thumb Code    22  stm32f4xx_rcc.o(i.RCC_APB2PeriphClockCmd)
    RCC_GetClocksFreq                        0x080027fd   Thumb Code   148  stm32f4xx_rcc.o(i.RCC_GetClocksFreq)
    RCC_GetFlagStatus                        0x080028a1   Thumb Code    50  stm32f4xx_rcc.o(i.RCC_GetFlagStatus)
    RCC_LTDCCLKDivConfig                     0x080028d9   Thumb Code    14  stm32f4xx_rcc.o(i.RCC_LTDCCLKDivConfig)
    RCC_PLLSAICmd                            0x080028ed   Thumb Code     6  stm32f4xx_rcc.o(i.RCC_PLLSAICmd)
    RCC_PLLSAIConfig                         0x080028f9   Thumb Code    16  stm32f4xx_rcc.o(i.RCC_PLLSAIConfig)
    RS485_Config                             0x0800290d   Thumb Code   238  bsp_rs485.o(i.RS485_Config)
    RS485_Send_Data                          0x08002b11   Thumb Code   164  bsp_rs485.o(i.RS485_Send_Data)
    RS485_Task                               0x08002bbd   Thumb Code   290  rs485_app.o(i.RS485_Task)
    SDRAM_Init                               0x08003079   Thumb Code    92  bsp_sdram.o(i.SDRAM_Init)
    SYSCFG_EXTILineConfig                    0x080031a1   Thumb Code    38  stm32f4xx_syscfg.o(i.SYSCFG_EXTILineConfig)
    SysTick_Handler                          0x080032a1   Thumb Code    20  stm32f4xx_it.o(i.SysTick_Handler)
    SystemInit                               0x080032b5   Thumb Code    74  system_stm32f4xx.o(i.SystemInit)
    USART2_IRQHandler                        0x08003311   Thumb Code    84  stm32f4xx_it.o(i.USART2_IRQHandler)
    USART_Cmd                                0x08003371   Thumb Code    24  stm32f4xx_usart.o(i.USART_Cmd)
    USART_GetFlagStatus                      0x08003389   Thumb Code    14  stm32f4xx_usart.o(i.USART_GetFlagStatus)
    USART_GetITStatus                        0x08003397   Thumb Code    64  stm32f4xx_usart.o(i.USART_GetITStatus)
    USART_ITConfig                           0x080033d7   Thumb Code    54  stm32f4xx_usart.o(i.USART_ITConfig)
    USART_Init                               0x0800340d   Thumb Code   180  stm32f4xx_usart.o(i.USART_Init)
    USART_ReceiveData                        0x080034c9   Thumb Code     8  stm32f4xx_usart.o(i.USART_ReceiveData)
    USART_SendData                           0x080034d1   Thumb Code     8  stm32f4xx_usart.o(i.USART_SendData)
    UsageFault_Handler                       0x080034d9   Thumb Code     2  stm32f4xx_it.o(i.UsageFault_Handler)
    __0printf$8                              0x080034dd   Thumb Code    22  printf8.o(i.__0printf$8)
    __1printf$8                              0x080034dd   Thumb Code     0  printf8.o(i.__0printf$8)
    __2printf                                0x080034dd   Thumb Code     0  printf8.o(i.__0printf$8)
    __0sprintf$8                             0x080034fd   Thumb Code    34  printf8.o(i.__0sprintf$8)
    __1sprintf$8                             0x080034fd   Thumb Code     0  printf8.o(i.__0sprintf$8)
    __2sprintf                               0x080034fd   Thumb Code     0  printf8.o(i.__0sprintf$8)
    __scatterload_copy                       0x08003525   Thumb Code    14  handlers.o(i.__scatterload_copy)
    __scatterload_null                       0x08003533   Thumb Code     2  handlers.o(i.__scatterload_null)
    __scatterload_zeroinit                   0x08003535   Thumb Code    14  handlers.o(i.__scatterload_zeroinit)
    fputc                                    0x080039b1   Thumb Code    30  bsp_debug_usart.o(i.fputc)
    i2c_Ack                                  0x080039d5   Thumb Code    52  bsp_i2c_touch.o(i.i2c_Ack)
    i2c_NAck                                 0x08003a19   Thumb Code    44  bsp_i2c_touch.o(i.i2c_NAck)
    i2c_ReadByte                             0x08003a49   Thumb Code    62  bsp_i2c_touch.o(i.i2c_ReadByte)
    i2c_SendByte                             0x08003a8d   Thumb Code    84  bsp_i2c_touch.o(i.i2c_SendByte)
    i2c_Start                                0x08003ae5   Thumb Code    52  bsp_i2c_touch.o(i.i2c_Start)
    i2c_Stop                                 0x08003b1d   Thumb Code    36  bsp_i2c_touch.o(i.i2c_Stop)
    i2c_WaitAck                              0x08003b45   Thumb Code    60  bsp_i2c_touch.o(i.i2c_WaitAck)
    main                                     0x08003b85   Thumb Code    46  main.o(i.main)
    pvPortMalloc                             0x08004105   Thumb Code   206  heap_4.o(i.pvPortMalloc)
    pxPortInitialiseStack                    0x08004211   Thumb Code    30  port.o(i.pxPortInitialiseStack)
    uxListRemove                             0x08004235   Thumb Code    36  list.o(i.uxListRemove)
    vListInitialise                          0x08004259   Thumb Code    22  list.o(i.vListInitialise)
    vListInitialiseItem                      0x0800426f   Thumb Code     6  list.o(i.vListInitialiseItem)
    vListInsert                              0x08004275   Thumb Code    48  list.o(i.vListInsert)
    vListInsertEnd                           0x080042a5   Thumb Code    24  list.o(i.vListInsertEnd)
    vPortEnterCritical                       0x080042bd   Thumb Code    50  port.o(i.vPortEnterCritical)
    vPortExitCritical                        0x08004335   Thumb Code    38  port.o(i.vPortExitCritical)
    vPortFree                                0x0800439d   Thumb Code    94  heap_4.o(i.vPortFree)
    vPortSetupTimerInterrupt                 0x08004439   Thumb Code    26  port.o(i.vPortSetupTimerInterrupt)
    vPortValidateInterruptPriority           0x08004459   Thumb Code    70  port.o(i.vPortValidateInterruptPriority)
    vTaskDelete                              0x080044e5   Thumb Code   152  tasks.o(i.vTaskDelete)
    vTaskMissedYield                         0x080045b9   Thumb Code     8  tasks.o(i.vTaskMissedYield)
    vTaskPlaceOnEventList                    0x080045c5   Thumb Code    46  tasks.o(i.vTaskPlaceOnEventList)
    vTaskSetTimeOutState                     0x08004625   Thumb Code    32  tasks.o(i.vTaskSetTimeOutState)
    vTaskStartScheduler                      0x08004675   Thumb Code    88  tasks.o(i.vTaskStartScheduler)
    vTaskSuspendAll                          0x08004709   Thumb Code    10  tasks.o(i.vTaskSuspendAll)
    vTaskSwitchContext                       0x08004719   Thumb Code    84  tasks.o(i.vTaskSwitchContext)
    xPortStartScheduler                      0x080047a1   Thumb Code   192  port.o(i.xPortStartScheduler)
    xPortSysTickHandler                      0x080048b1   Thumb Code    38  port.o(i.xPortSysTickHandler)
    xQueueGenericCreate                      0x080048dd   Thumb Code    64  queue.o(i.xQueueGenericCreate)
    xQueueGenericReceive                     0x08004949   Thumb Code   342  queue.o(i.xQueueGenericReceive)
    xQueueGenericReset                       0x08004ad1   Thumb Code   130  queue.o(i.xQueueGenericReset)
    xQueueGenericSend                        0x08004b85   Thumb Code   334  queue.o(i.xQueueGenericSend)
    xQueueGenericSendFromISR                 0x08004d05   Thumb Code   176  queue.o(i.xQueueGenericSendFromISR)
    xQueueGiveFromISR                        0x08004de1   Thumb Code   146  queue.o(i.xQueueGiveFromISR)
    xTaskCheckForTimeOut                     0x08004ea1   Thumb Code   104  tasks.o(i.xTaskCheckForTimeOut)
    xTaskCreate                              0x08004f39   Thumb Code    96  tasks.o(i.xTaskCreate)
    xTaskGetSchedulerState                   0x08004f99   Thumb Code    24  tasks.o(i.xTaskGetSchedulerState)
    xTaskGetTickCount                        0x08004fb5   Thumb Code     6  tasks.o(i.xTaskGetTickCount)
    xTaskIncrementTick                       0x08004fc1   Thumb Code   192  tasks.o(i.xTaskIncrementTick)
    xTaskRemoveFromEventList                 0x080050b5   Thumb Code   108  tasks.o(i.xTaskRemoveFromEventList)
    xTaskResumeAll                           0x08005159   Thumb Code   184  tasks.o(i.xTaskResumeAll)
    ASCII16x24_Table                         0x0800524c   Data        4560  fonts.o(.constdata)
    CTP_CFG_GT9157                           0x08006430   Data         186  gt9xx.o(.constdata)
    CTP_CFG_GT911                            0x080064ea   Data         186  gt9xx.o(.constdata)
    Region$$Table$$Base                      0x08006648   Number         0  anon$$obj.o(Region$$Table)
    Region$$Table$$Limit                     0x08006668   Number         0  anon$$obj.o(Region$$Table)
    SystemCoreClock                          0x20000000   Data           4  system_stm32f4xx.o(.data)
    AHBPrescTable                            0x20000004   Data          16  system_stm32f4xx.o(.data)
    g_CurrentTemperature                     0x20000024   Data           1  main.o(.data)
    g_CurrentHumidity                        0x20000025   Data           1  main.o(.data)
    RS485_RxQueue                            0x20000038   Data           4  main.o(.data)
    xTouchQueue                              0x2000003c   Data           4  main.o(.data)
    xTouchSemaphore                          0x20000040   Data           4  main.o(.data)
    Font16x24                                0x2000004c   Data           8  fonts.o(.data)
    g_LastRecvMsg                            0x20000064   Data          50  rs485_app.o(.data)
    touchIC                                  0x20000096   Data           1  gt9xx.o(.data)
    config                                   0x2000009f   Data         242  gt9xx.o(.data)
    pxCurrentTCB                             0x20000194   Data           4  tasks.o(.data)
    __stdout                                 0x200001f4   Data           4  stdout.o(.data)
    __initial_sp                             0x20009a30   Data           0  startup_stm32f429_439xx.o(STACK)



==============================================================================

Memory Map of the image

  Image Entry point : 0x080001ad

  Load Region LR_IROM1 (Base: 0x08000000, Size: 0x00006860, Max: 0x00100000, ABSOLUTE, COMPRESSED[0x0000669c])

    Execution Region ER_IROM1 (Base: 0x08000000, Size: 0x00006668, Max: 0x00100000, ABSOLUTE)

    Base Addr    Size         Type   Attr      Idx    E Section Name        Object

    0x08000000   0x000001ac   Data   RO            3    RESET               startup_stm32f429_439xx.o
    0x080001ac   0x00000000   Code   RO         7336  * .ARM.Collect$$$$00000000  mc_w.l(entry.o)
    0x080001ac   0x00000004   Code   RO         7608    .ARM.Collect$$$$00000001  mc_w.l(entry2.o)
    0x080001b0   0x00000004   Code   RO         7611    .ARM.Collect$$$$00000004  mc_w.l(entry5.o)
    0x080001b4   0x00000000   Code   RO         7613    .ARM.Collect$$$$00000008  mc_w.l(entry7b.o)
    0x080001b4   0x00000000   Code   RO         7615    .ARM.Collect$$$$0000000A  mc_w.l(entry8b.o)
    0x080001b4   0x00000008   Code   RO         7616    .ARM.Collect$$$$0000000B  mc_w.l(entry9a.o)
    0x080001bc   0x00000000   Code   RO         7618    .ARM.Collect$$$$0000000D  mc_w.l(entry10a.o)
    0x080001bc   0x00000000   Code   RO         7620    .ARM.Collect$$$$0000000F  mc_w.l(entry11a.o)
    0x080001bc   0x00000004   Code   RO         7609    .ARM.Collect$$$$00002712  mc_w.l(entry2.o)
    0x080001c0   0x000000b6   Code   RO         7250    .emb_text           port.o
    0x08000276   0x00000002   PAD
    0x08000278   0x00000024   Code   RO            4    .text               startup_stm32f429_439xx.o
    0x0800029c   0x00000024   Code   RO         7339    .text               mc_w.l(memcpya.o)
    0x080002c0   0x00000024   Code   RO         7341    .text               mc_w.l(memseta.o)
    0x080002e4   0x00000062   Code   RO         7625    .text               mc_w.l(uldiv.o)
    0x08000346   0x00000002   PAD
    0x08000348   0x00000024   Code   RO         7638    .text               mc_w.l(init.o)
    0x0800036c   0x0000001e   Code   RO         7640    .text               mc_w.l(llshl.o)
    0x0800038a   0x00000020   Code   RO         7642    .text               mc_w.l(llushr.o)
    0x080003aa   0x00000056   Code   RO         7656    .text               mc_w.l(__dczerorl2.o)
    0x08000400   0x000000a8   Code   RO         5161    i.AppTaskCreate     main.o
    0x080004a8   0x00000114   Code   RO         5162    i.BSP_Init          main.o
    0x080005bc   0x00000002   Code   RO         5301    i.BusFault_Handler  stm32f4xx_it.o
    0x080005be   0x00000030   Code   RO         6141    i.CalcCRC8          rs485_app.o
    0x080005ee   0x00000002   PAD
    0x080005f0   0x0000006c   Code   RO         5503    i.DHT11_CheckResponse  bsp_dht11.o
    0x0800065c   0x00000030   Code   RO         5504    i.DHT11_DWT_Init    bsp_dht11.o
    0x0800068c   0x00000018   Code   RO         5505    i.DHT11_Delay_ms    bsp_dht11.o
    0x080006a4   0x00000028   Code   RO         5506    i.DHT11_Delay_us    bsp_dht11.o
    0x080006cc   0x00000040   Code   RO         5507    i.DHT11_GPIO_Config  bsp_dht11.o
    0x0800070c   0x0000009a   Code   RO         5508    i.DHT11_Read        bsp_dht11.o
    0x080007a6   0x00000072   Code   RO         5509    i.DHT11_ReadAverage  bsp_dht11.o
    0x08000818   0x00000058   Code   RO         5510    i.DHT11_ReadBit     bsp_dht11.o
    0x08000870   0x00000048   Code   RO         5163    i.DHT11_Record      main.o
    0x080008b8   0x0000000c   Code   RO         5511    i.DHT11_SetPinHigh  bsp_dht11.o
    0x080008c4   0x00000020   Code   RO         5512    i.DHT11_SetPinInput  bsp_dht11.o
    0x080008e4   0x0000000c   Code   RO         5513    i.DHT11_SetPinLow   bsp_dht11.o
    0x080008f0   0x0000002c   Code   RO         5514    i.DHT11_SetPinOutput  bsp_dht11.o
    0x0800091c   0x000001d4   Code   RO         5164    i.DHT11_Task        main.o
    0x08000af0   0x00000018   Code   RO         1358    i.DMA2D_DeInit      stm32f4xx_dma2d.o
    0x08000b08   0x00000014   Code   RO         1363    i.DMA2D_GetFlagStatus  stm32f4xx_dma2d.o
    0x08000b1c   0x000000b8   Code   RO         1366    i.DMA2D_Init        stm32f4xx_dma2d.o
    0x08000bd4   0x00000010   Code   RO         1368    i.DMA2D_StartTransfer  stm32f4xx_dma2d.o
    0x08000be4   0x00000002   Code   RO         5302    i.DebugMon_Handler  stm32f4xx_it.o
    0x08000be6   0x00000002   PAD
    0x08000be8   0x000000a8   Code   RO         5440    i.Debug_USART_Config  bsp_debug_usart.o
    0x08000c90   0x00000012   Code   RO         6183    i.Delay             bsp_i2c_touch.o
    0x08000ca2   0x00000012   Code   RO         6300    i.Delay             gt9xx.o
    0x08000cb4   0x00000044   Code   RO         5303    i.EXTI15_10_IRQHandler  stm32f4xx_it.o
    0x08000cf8   0x0000000c   Code   RO         1485    i.EXTI_ClearITPendingBit  stm32f4xx_exti.o
    0x08000d04   0x00000014   Code   RO         1489    i.EXTI_GetITStatus  stm32f4xx_exti.o
    0x08000d18   0x00000074   Code   RO         1490    i.EXTI_Init         stm32f4xx_exti.o
    0x08000d8c   0x00000036   Code   RO         1844    i.FMC_GetFlagStatus  stm32f4xx_fmc.o
    0x08000dc2   0x00000002   PAD
    0x08000dc4   0x00000020   Code   RO         1861    i.FMC_SDRAMCmdConfig  stm32f4xx_fmc.o
    0x08000de4   0x00000106   Code   RO         1863    i.FMC_SDRAMInit     stm32f4xx_fmc.o
    0x08000eea   0x00000002   PAD
    0x08000eec   0x00000010   Code   RO         1867    i.FMC_SetRefreshCount  stm32f4xx_fmc.o
    0x08000efc   0x0000007c   Code   RO         2046    i.GPIO_Init         stm32f4xx_gpio.o
    0x08000f78   0x00000020   Code   RO         2047    i.GPIO_PinAFConfig  stm32f4xx_gpio.o
    0x08000f98   0x0000000e   Code   RO         2050    i.GPIO_ReadInputDataBit  stm32f4xx_gpio.o
    0x08000fa6   0x00000004   Code   RO         2053    i.GPIO_ResetBits    stm32f4xx_gpio.o
    0x08000faa   0x00000004   Code   RO         2054    i.GPIO_SetBits      stm32f4xx_gpio.o
    0x08000fae   0x00000002   PAD
    0x08000fb0   0x000000b0   Code   RO         6301    i.GTP_Get_Info      gt9xx.o
    0x08001060   0x0000006c   Code   RO         6302    i.GTP_I2C_Read      gt9xx.o
    0x080010cc   0x0000006c   Code   RO         6304    i.GTP_I2C_Test      gt9xx.o
    0x08001138   0x00000050   Code   RO         6305    i.GTP_I2C_Write     gt9xx.o
    0x08001188   0x000000d4   Code   RO         6308    i.GTP_Init_Panel    gt9xx.o
    0x0800125c   0x0000014c   Code   RO         6309    i.GTP_Read_Version  gt9xx.o
    0x080013a8   0x00000004   Code   RO         6312    i.GTP_TouchProcess  gt9xx.o
    0x080013ac   0x00000020   Code   RO         6313    i.GTP_Touch_Down    gt9xx.o
    0x080013cc   0x00000002   Code   RO         6314    i.GTP_Touch_Up      gt9xx.o
    0x080013ce   0x00000002   PAD
    0x080013d0   0x00000084   Code   RO         5165    i.GUI_DrawButton    main.o
    0x08001454   0x000002c0   Code   RO         5166    i.GUI_DrawHistoryScreen  main.o
    0x08001714   0x00000290   Code   RO         5167    i.GUI_DrawMainScreen  main.o
    0x080019a4   0x00000020   Code   RO         5168    i.GUI_IsTouchInButton  main.o
    0x080019c4   0x000001a0   Code   RO         6316    i.Goodix_TS_Work_Func  gt9xx.o
    0x08001b64   0x00000002   Code   RO         5304    i.HardFault_Handler  stm32f4xx_it.o
    0x08001b66   0x00000002   PAD
    0x08001b68   0x00000094   Code   RO         6184    i.I2C_GPIO_Config   bsp_i2c_touch.o
    0x08001bfc   0x00000064   Code   RO         6186    i.I2C_GTP_IRQEnable  bsp_i2c_touch.o
    0x08001c60   0x0000004a   Code   RO         6187    i.I2C_ReadBytes     bsp_i2c_touch.o
    0x08001caa   0x00000002   PAD
    0x08001cac   0x00000070   Code   RO         6188    i.I2C_ResetChip     bsp_i2c_touch.o
    0x08001d1c   0x00000012   Code   RO         6189    i.I2C_Touch_Init    bsp_i2c_touch.o
    0x08001d2e   0x00000044   Code   RO         6317    i.I2C_Transfer      gt9xx.o
    0x08001d72   0x00000058   Code   RO         6190    i.I2C_WriteBytes    bsp_i2c_touch.o
    0x08001dca   0x00000002   PAD
    0x08001dcc   0x00000064   Code   RO         5628    i.LCD_Clear         bsp_lcd.o
    0x08001e30   0x00000020   Code   RO         5635    i.LCD_DisplayChar   bsp_lcd.o
    0x08001e50   0x00000044   Code   RO         5636    i.LCD_DisplayStringLine  bsp_lcd.o
    0x08001e94   0x0000008c   Code   RO         5639    i.LCD_DrawChar      bsp_lcd.o
    0x08001f20   0x00000080   Code   RO         5645    i.LCD_DrawFullRect  bsp_lcd.o
    0x08001fa0   0x00000080   Code   RO         5646    i.LCD_DrawLine      bsp_lcd.o
    0x08002020   0x00000044   Code   RO         5648    i.LCD_DrawRect      bsp_lcd.o
    0x08002064   0x000002c8   Code   RO         5652    i.LCD_GPIO_Config   bsp_lcd.o
    0x0800232c   0x0000007e   Code   RO         5655    i.LCD_Init          bsp_lcd.o
    0x080023aa   0x00000002   PAD
    0x080023ac   0x000000a8   Code   RO         5656    i.LCD_LayerInit     bsp_lcd.o
    0x08002454   0x0000000c   Code   RO         5663    i.LCD_SetColors     bsp_lcd.o
    0x08002460   0x0000000c   Code   RO         5666    i.LCD_SetFont       bsp_lcd.o
    0x0800246c   0x00000024   Code   RO         5667    i.LCD_SetLayer      bsp_lcd.o
    0x08002490   0x0000000c   Code   RO         5668    i.LCD_SetTextColor  bsp_lcd.o
    0x0800249c   0x00000030   Code   RO         5669    i.LCD_SetTransparency  bsp_lcd.o
    0x080024cc   0x0000005c   Code   RO         5377    i.LED_GPIO_Config   bsp_led.o
    0x08002528   0x00000020   Code   RO         2620    i.LTDC_Cmd          stm32f4xx_ltdc.o
    0x08002548   0x00000020   Code   RO         2624    i.LTDC_DitherCmd    stm32f4xx_ltdc.o
    0x08002568   0x000000a8   Code   RO         2631    i.LTDC_Init         stm32f4xx_ltdc.o
    0x08002610   0x00000004   Code   RO         2634    i.LTDC_LayerAlpha   stm32f4xx_ltdc.o
    0x08002614   0x00000018   Code   RO         2635    i.LTDC_LayerCmd     stm32f4xx_ltdc.o
    0x0800262c   0x00000096   Code   RO         2636    i.LTDC_LayerInit    stm32f4xx_ltdc.o
    0x080026c2   0x00000002   PAD
    0x080026c4   0x0000000c   Code   RO         2643    i.LTDC_ReloadConfig  stm32f4xx_ltdc.o
    0x080026d0   0x00000002   Code   RO         5305    i.MemManage_Handler  stm32f4xx_it.o
    0x080026d2   0x00000002   Code   RO         5306    i.NMI_Handler       stm32f4xx_it.o
    0x080026d4   0x0000001e   Code   RO         5441    i.NVIC_Configuration  bsp_debug_usart.o
    0x080026f2   0x00000002   PAD
    0x080026f4   0x00000068   Code   RO          164    i.NVIC_Init         misc.o
    0x0800275c   0x00000014   Code   RO          165    i.NVIC_PriorityGroupConfig  misc.o
    0x08002770   0x0000001c   Code   RO         2960    i.RCC_AHB1PeriphClockCmd  stm32f4xx_rcc.o
    0x0800278c   0x0000001c   Code   RO         2962    i.RCC_AHB1PeriphResetCmd  stm32f4xx_rcc.o
    0x080027a8   0x0000001c   Code   RO         2966    i.RCC_AHB3PeriphClockCmd  stm32f4xx_rcc.o
    0x080027c4   0x0000001c   Code   RO         2969    i.RCC_APB1PeriphClockCmd  stm32f4xx_rcc.o
    0x080027e0   0x0000001c   Code   RO         2972    i.RCC_APB2PeriphClockCmd  stm32f4xx_rcc.o
    0x080027fc   0x000000a4   Code   RO         2981    i.RCC_GetClocksFreq  stm32f4xx_rcc.o
    0x080028a0   0x00000038   Code   RO         2982    i.RCC_GetFlagStatus  stm32f4xx_rcc.o
    0x080028d8   0x00000014   Code   RO         2993    i.RCC_LTDCCLKDivConfig  stm32f4xx_rcc.o
    0x080028ec   0x0000000c   Code   RO         3002    i.RCC_PLLSAICmd     stm32f4xx_rcc.o
    0x080028f8   0x00000014   Code   RO         3003    i.RCC_PLLSAIConfig  stm32f4xx_rcc.o
    0x0800290c   0x000000fc   Code   RO         6108    i.RS485_Config      bsp_rs485.o
    0x08002a08   0x00000108   Code   RO         6142    i.RS485_HandleMessage  rs485_app.o
    0x08002b10   0x000000ac   Code   RO         6109    i.RS485_Send_Data   bsp_rs485.o
    0x08002bbc   0x00000138   Code   RO         6143    i.RS485_Task        rs485_app.o
    0x08002cf4   0x00000384   Code   RO         5930    i.SDRAM_GPIO_Config  bsp_sdram.o
    0x08003078   0x0000005c   Code   RO         5931    i.SDRAM_Init        bsp_sdram.o
    0x080030d4   0x000000ac   Code   RO         5932    i.SDRAM_InitSequence  bsp_sdram.o
    0x08003180   0x00000020   Code   RO         5936    i.SDRAM_delay       bsp_sdram.o
    0x080031a0   0x0000002c   Code   RO         4280    i.SYSCFG_EXTILineConfig  stm32f4xx_syscfg.o
    0x080031cc   0x000000d4   Code   RO           13    i.SetSysClock       system_stm32f4xx.o
    0x080032a0   0x00000014   Code   RO         5307    i.SysTick_Handler   stm32f4xx_it.o
    0x080032b4   0x0000005c   Code   RO           15    i.SystemInit        system_stm32f4xx.o
    0x08003310   0x00000060   Code   RO         5308    i.USART2_IRQHandler  stm32f4xx_it.o
    0x08003370   0x00000018   Code   RO         4907    i.USART_Cmd         stm32f4xx_usart.o
    0x08003388   0x0000000e   Code   RO         4910    i.USART_GetFlagStatus  stm32f4xx_usart.o
    0x08003396   0x00000040   Code   RO         4911    i.USART_GetITStatus  stm32f4xx_usart.o
    0x080033d6   0x00000036   Code   RO         4913    i.USART_ITConfig    stm32f4xx_usart.o
    0x0800340c   0x000000bc   Code   RO         4914    i.USART_Init        stm32f4xx_usart.o
    0x080034c8   0x00000008   Code   RO         4921    i.USART_ReceiveData  stm32f4xx_usart.o
    0x080034d0   0x00000008   Code   RO         4924    i.USART_SendData    stm32f4xx_usart.o
    0x080034d8   0x00000002   Code   RO         5309    i.UsageFault_Handler  stm32f4xx_it.o
    0x080034da   0x00000002   PAD
    0x080034dc   0x00000020   Code   RO         7554    i.__0printf$8       mc_w.l(printf8.o)
    0x080034fc   0x00000028   Code   RO         7556    i.__0sprintf$8      mc_w.l(printf8.o)
    0x08003524   0x0000000e   Code   RO         7650    i.__scatterload_copy  mc_w.l(handlers.o)
    0x08003532   0x00000002   Code   RO         7651    i.__scatterload_null  mc_w.l(handlers.o)
    0x08003534   0x0000000e   Code   RO         7652    i.__scatterload_zeroinit  mc_w.l(handlers.o)
    0x08003542   0x00000002   PAD
    0x08003544   0x00000410   Code   RO         7561    i._printf_core      mc_w.l(printf8.o)
    0x08003954   0x00000024   Code   RO         7562    i._printf_post_padding  mc_w.l(printf8.o)
    0x08003978   0x0000002e   Code   RO         7563    i._printf_pre_padding  mc_w.l(printf8.o)
    0x080039a6   0x0000000a   Code   RO         7565    i._sputc            mc_w.l(printf8.o)
    0x080039b0   0x00000024   Code   RO         5446    i.fputc             bsp_debug_usart.o
    0x080039d4   0x00000038   Code   RO         6191    i.i2c_Ack           bsp_i2c_touch.o
    0x08003a0c   0x0000000c   Code   RO         6192    i.i2c_Delay         bsp_i2c_touch.o
    0x08003a18   0x00000030   Code   RO         6193    i.i2c_NAck          bsp_i2c_touch.o
    0x08003a48   0x00000044   Code   RO         6194    i.i2c_ReadByte      bsp_i2c_touch.o
    0x08003a8c   0x00000058   Code   RO         6195    i.i2c_SendByte      bsp_i2c_touch.o
    0x08003ae4   0x00000038   Code   RO         6196    i.i2c_Start         bsp_i2c_touch.o
    0x08003b1c   0x00000028   Code   RO         6197    i.i2c_Stop          bsp_i2c_touch.o
    0x08003b44   0x00000040   Code   RO         6198    i.i2c_WaitAck       bsp_i2c_touch.o
    0x08003b84   0x00000084   Code   RO         5169    i.main              main.o
    0x08003c08   0x00000070   Code   RO         6875    i.prvAddCurrentTaskToDelayedList  tasks.o
    0x08003c78   0x00000088   Code   RO         6876    i.prvAddNewTaskToReadyList  tasks.o
    0x08003d00   0x00000054   Code   RO         6877    i.prvCheckTasksWaitingTermination  tasks.o
    0x08003d54   0x00000028   Code   RO         6718    i.prvCopyDataFromQueue  queue.o
    0x08003d7c   0x0000005c   Code   RO         6719    i.prvCopyDataToQueue  queue.o
    0x08003dd8   0x00000014   Code   RO         6878    i.prvDeleteTCB      tasks.o
    0x08003dec   0x0000004c   Code   RO         7189    i.prvHeapInit       heap_4.o
    0x08003e38   0x00000028   Code   RO         6879    i.prvIdleTask       tasks.o
    0x08003e60   0x00000018   Code   RO         6720    i.prvInitialiseNewQueue  queue.o
    0x08003e78   0x000000b4   Code   RO         6880    i.prvInitialiseNewTask  tasks.o
    0x08003f2c   0x00000058   Code   RO         6881    i.prvInitialiseTaskLists  tasks.o
    0x08003f84   0x00000054   Code   RO         7190    i.prvInsertBlockIntoFreeList  heap_4.o
    0x08003fd8   0x0000001a   Code   RO         6721    i.prvIsQueueEmpty   queue.o
    0x08003ff2   0x0000001e   Code   RO         6722    i.prvIsQueueFull    queue.o
    0x08004010   0x00000024   Code   RO         6882    i.prvResetNextTaskUnblockTime  tasks.o
    0x08004034   0x00000064   Code   RO         7251    i.prvTaskExitError  port.o
    0x08004098   0x0000006a   Code   RO         6723    i.prvUnlockQueue    queue.o
    0x08004102   0x00000002   PAD
    0x08004104   0x0000010c   Code   RO         7191    i.pvPortMalloc      heap_4.o
    0x08004210   0x00000024   Code   RO         7252    i.pxPortInitialiseStack  port.o
    0x08004234   0x00000024   Code   RO         6669    i.uxListRemove      list.o
    0x08004258   0x00000016   Code   RO         6670    i.vListInitialise   list.o
    0x0800426e   0x00000006   Code   RO         6671    i.vListInitialiseItem  list.o
    0x08004274   0x00000030   Code   RO         6672    i.vListInsert       list.o
    0x080042a4   0x00000018   Code   RO         6673    i.vListInsertEnd    list.o
    0x080042bc   0x00000078   Code   RO         7254    i.vPortEnterCritical  port.o
    0x08004334   0x00000068   Code   RO         7255    i.vPortExitCritical  port.o
    0x0800439c   0x0000009c   Code   RO         7192    i.vPortFree         heap_4.o
    0x08004438   0x00000020   Code   RO         7256    i.vPortSetupTimerInterrupt  port.o
    0x08004458   0x0000008c   Code   RO         7257    i.vPortValidateInterruptPriority  port.o
    0x080044e4   0x000000d4   Code   RO         6891    i.vTaskDelete       tasks.o
    0x080045b8   0x0000000c   Code   RO         6893    i.vTaskMissedYield  tasks.o
    0x080045c4   0x00000060   Code   RO         6895    i.vTaskPlaceOnEventList  tasks.o
    0x08004624   0x00000050   Code   RO         6899    i.vTaskSetTimeOutState  tasks.o
    0x08004674   0x00000094   Code   RO         6900    i.vTaskStartScheduler  tasks.o
    0x08004708   0x00000010   Code   RO         6902    i.vTaskSuspendAll   tasks.o
    0x08004718   0x00000088   Code   RO         6903    i.vTaskSwitchContext  tasks.o
    0x080047a0   0x00000110   Code   RO         7258    i.xPortStartScheduler  port.o
    0x080048b0   0x0000002c   Code   RO         7259    i.xPortSysTickHandler  port.o
    0x080048dc   0x0000006c   Code   RO         6730    i.xQueueGenericCreate  queue.o
    0x08004948   0x00000188   Code   RO         6731    i.xQueueGenericReceive  queue.o
    0x08004ad0   0x000000b4   Code   RO         6732    i.xQueueGenericReset  queue.o
    0x08004b84   0x00000180   Code   RO         6733    i.xQueueGenericSend  queue.o
    0x08004d04   0x000000dc   Code   RO         6734    i.xQueueGenericSendFromISR  queue.o
    0x08004de0   0x000000c0   Code   RO         6735    i.xQueueGiveFromISR  queue.o
    0x08004ea0   0x00000098   Code   RO         6904    i.xTaskCheckForTimeOut  tasks.o
    0x08004f38   0x00000060   Code   RO         6905    i.xTaskCreate       tasks.o
    0x08004f98   0x0000001c   Code   RO         6908    i.xTaskGetSchedulerState  tasks.o
    0x08004fb4   0x0000000c   Code   RO         6909    i.xTaskGetTickCount  tasks.o
    0x08004fc0   0x000000f4   Code   RO         6911    i.xTaskIncrementTick  tasks.o
    0x080050b4   0x000000a4   Code   RO         6914    i.xTaskRemoveFromEventList  tasks.o
    0x08005158   0x000000f4   Code   RO         6916    i.xTaskResumeAll    tasks.o
    0x0800524c   0x000011d0   Data   RO         5588    .constdata          fonts.o
    0x0800641c   0x00000188   Data   RO         6318    .constdata          gt9xx.o
    0x080065a4   0x000000a1   Data   RO         6333    .conststring        gt9xx.o
    0x08006645   0x00000003   PAD
    0x08006648   0x00000020   Data   RO         7648    Region$$Table       anon$$obj.o


    Execution Region RW_IRAM1 (Base: 0x20000000, Size: 0x00009a30, Max: 0x00030000, ABSOLUTE, COMPRESSED[0x00000034])

    Base Addr    Size         Type   Attr      Idx    E Section Name        Object

    0x20000000   0x00000014   Data   RW           16    .data               system_stm32f4xx.o
    0x20000014   0x00000010   Data   RW         3013    .data               stm32f4xx_rcc.o
    0x20000024   0x00000028   Data   RW         5171    .data               main.o
    0x2000004c   0x00000008   Data   RW         5592    .data               fonts.o
    0x20000054   0x00000010   Data   RW         5676    .data               bsp_lcd.o
    0x20000064   0x00000032   Data   RW         6145    .data               rs485_app.o
    0x20000096   0x000000fb   Data   RW         6334    .data               gt9xx.o
    0x20000191   0x00000003   PAD
    0x20000194   0x0000003c   Data   RW         6919    .data               tasks.o
    0x200001d0   0x00000018   Data   RW         7197    .data               heap_4.o
    0x200001e8   0x0000000c   Data   RW         7260    .data               port.o
    0x200001f4   0x00000004   Data   RW         7622    .data               mc_w.l(stdout.o)
    0x200001f8   0x00000050   Zero   RW         5170    .bss                main.o
    0x20000248   0x00000100   Zero   RW         6144    .bss                rs485_app.o
    0x20000348   0x000002e4   Zero   RW         6918    .bss                tasks.o
    0x2000062c   0x00009000   Zero   RW         7196    .bss                heap_4.o
    0x2000962c   0x00000004   PAD
    0x20009630   0x00000400   Zero   RW            1    STACK               startup_stm32f429_439xx.o


==============================================================================

Image component sizes


      Code (inc. data)   RO Data    RW Data    ZI Data      Debug   Object Name

       234         16          0          0          0       3101   bsp_debug_usart.o
       740         56          0          0          0       7977   bsp_dht11.o
       990         52          0          0          0       9778   bsp_i2c_touch.o
      1790        114          0         16          0      11618   bsp_lcd.o
        92          6          0          0          0        614   bsp_led.o
       424         22          0          0          0       2029   bsp_rs485.o
      1196         28          0          0          0       3213   bsp_sdram.o
         0          0          0          0          0       9432   event_groups.o
         0          0       4560          8          0       1604   fonts.o
      1556        438        553        251          0      10475   gt9xx.o
       584        138          0         24      36864       4243   heap_4.o
       136          0          0          0          0       3422   list.o
      2640       1032          0         40         80      24109   main.o
       124         16          0          0          0       1879   misc.o
      1030        384          0         12          0      11049   port.o
      1794        284          0          0          0      12737   queue.o
       624        102          0         50        256       3569   rs485_app.o
        36          8        428          0       1024        992   startup_stm32f429_439xx.o
       244         18          0          0          0       3456   stm32f4xx_dma2d.o
       148         16          0          0          0       2592   stm32f4xx_exti.o
       364         10          0          0          0       4067   stm32f4xx_fmc.o
       178          0          0          0          0       4091   stm32f4xx_gpio.o
       196         22          0          0          0       4750   stm32f4xx_it.o
       422         30          0          0          0       5647   stm32f4xx_ltdc.o
       412         68          0         16          0       9515   stm32f4xx_rcc.o
        44          6          0          0          0        752   stm32f4xx_syscfg.o
       360          8          0          0          0       6501   stm32f4xx_usart.o
       304         34          0         20          0     306085   system_stm32f4xx.o
      2336        612          0         60        740      27315   tasks.o

    ----------------------------------------------------------------------
     19028       3520       5576        500      38968     496612   Object Totals
         0          0         32          0          0          0   (incl. Generated)
        30          0          3          3          4          0   (incl. Padding)

    ----------------------------------------------------------------------

      Code (inc. data)   RO Data    RW Data    ZI Data      Debug   Library Member Name

        86          0          0          0          0          0   __dczerorl2.o
         0          0          0          0          0          0   entry.o
         0          0          0          0          0          0   entry10a.o
         0          0          0          0          0          0   entry11a.o
         8          4          0          0          0          0   entry2.o
         4          0          0          0          0          0   entry5.o
         0          0          0          0          0          0   entry7b.o
         0          0          0          0          0          0   entry8b.o
         8          4          0          0          0          0   entry9a.o
        30          0          0          0          0          0   handlers.o
        36          8          0          0          0         68   init.o
        30          0          0          0          0         68   llshl.o
        32          0          0          0          0         68   llushr.o
        36          0          0          0          0         68   memcpya.o
        36          0          0          0          0        108   memseta.o
      1204         60          0          0          0        504   printf8.o
         0          0          0          4          0          0   stdout.o
        98          0          0          0          0         92   uldiv.o

    ----------------------------------------------------------------------
      1612         76          0          4          0        976   Library Totals
         4          0          0          0          0          0   (incl. Padding)

    ----------------------------------------------------------------------

      Code (inc. data)   RO Data    RW Data    ZI Data      Debug   Library Name

      1608         76          0          4          0        976   mc_w.l

    ----------------------------------------------------------------------
      1612         76          0          4          0        976   Library Totals

    ----------------------------------------------------------------------

==============================================================================


      Code (inc. data)   RO Data    RW Data    ZI Data      Debug   

     20640       3596       5576        504      38968     479804   Grand Totals
     20640       3596       5576         52      38968     479804   ELF Image Totals (compressed)
     20640       3596       5576         52          0          0   ROM Totals

==============================================================================

    Total RO  Size (Code + RO Data)                26216 (  25.60kB)
    Total RW  Size (RW Data + ZI Data)             39472 (  38.55kB)
    Total ROM Size (Code + RO Data + RW Data)      26268 (  25.65kB)

==============================================================================

